
Merging program properties


As-needed library included to satisfy reference by file (symbol)

libc.so.6                     build/uart_core.o (read@@GLIBC_2.2.5)

Discarded input sections

 .rodata.cst4   0x0000000000000000        0x4 /usr/lib/gcc/x86_64-linux-gnu/11/../../../x86_64-linux-gnu/Scrt1.o
 .data          0x0000000000000000        0x4 /usr/lib/gcc/x86_64-linux-gnu/11/../../../x86_64-linux-gnu/Scrt1.o
 .bss           0x0000000000000000        0x0 /usr/lib/gcc/x86_64-linux-gnu/11/../../../x86_64-linux-gnu/Scrt1.o
 .note.GNU-stack
                0x0000000000000000        0x0 /usr/lib/gcc/x86_64-linux-gnu/11/../../../x86_64-linux-gnu/Scrt1.o
 .text          0x0000000000000000        0x0 /usr/lib/gcc/x86_64-linux-gnu/11/../../../x86_64-linux-gnu/crti.o
 .data          0x0000000000000000        0x0 /usr/lib/gcc/x86_64-linux-gnu/11/../../../x86_64-linux-gnu/crti.o
 .bss           0x0000000000000000        0x0 /usr/lib/gcc/x86_64-linux-gnu/11/../../../x86_64-linux-gnu/crti.o
 .note.gnu.property
                0x0000000000000000       0x20 /usr/lib/gcc/x86_64-linux-gnu/11/../../../x86_64-linux-gnu/crti.o
 .note.GNU-stack
                0x0000000000000000        0x0 /usr/lib/gcc/x86_64-linux-gnu/11/../../../x86_64-linux-gnu/crti.o
 .data          0x0000000000000000        0x0 /usr/lib/gcc/x86_64-linux-gnu/11/crtbeginS.o
 .note.GNU-stack
                0x0000000000000000        0x0 /usr/lib/gcc/x86_64-linux-gnu/11/crtbeginS.o
 .note.gnu.property
                0x0000000000000000       0x20 /usr/lib/gcc/x86_64-linux-gnu/11/crtbeginS.o
 .text          0x0000000000000000        0x0 build/py/mpstate.o
 .data          0x0000000000000000        0x0 build/py/mpstate.o
 .bss           0x0000000000000000        0x0 build/py/mpstate.o
 .note.GNU-stack
                0x0000000000000000        0x0 build/py/mpstate.o
 .note.gnu.property
                0x0000000000000000       0x20 build/py/mpstate.o
 .text          0x0000000000000000        0x0 build/py/nlr.o
 .data          0x0000000000000000        0x0 build/py/nlr.o
 .bss           0x0000000000000000        0x0 build/py/nlr.o
 .note.GNU-stack
                0x0000000000000000        0x0 build/py/nlr.o
 .note.gnu.property
                0x0000000000000000       0x20 build/py/nlr.o
 .text          0x0000000000000000        0x0 build/py/nlrx86.o
 .data          0x0000000000000000        0x0 build/py/nlrx86.o
 .bss           0x0000000000000000        0x0 build/py/nlrx86.o
 .debug_info    0x0000000000000000       0x65 build/py/nlrx86.o
 .debug_abbrev  0x0000000000000000       0x26 build/py/nlrx86.o
 .debug_aranges
                0x0000000000000000       0x20 build/py/nlrx86.o
 .debug_line    0x0000000000000000       0x35 build/py/nlrx86.o
 .debug_str     0x0000000000000000      0x12d build/py/nlrx86.o
 .debug_line_str
                0x0000000000000000       0x70 build/py/nlrx86.o
 .comment       0x0000000000000000       0x2c build/py/nlrx86.o
 .note.GNU-stack
                0x0000000000000000        0x0 build/py/nlrx86.o
 .note.gnu.property
                0x0000000000000000       0x20 build/py/nlrx86.o
 .text          0x0000000000000000        0x0 build/py/nlrx64.o
 .data          0x0000000000000000        0x0 build/py/nlrx64.o
 .bss           0x0000000000000000        0x0 build/py/nlrx64.o
 .note.GNU-stack
                0x0000000000000000        0x0 build/py/nlrx64.o
 .note.gnu.property
                0x0000000000000000       0x20 build/py/nlrx64.o
 .text          0x0000000000000000        0x0 build/py/nlrthumb.o
 .data          0x0000000000000000        0x0 build/py/nlrthumb.o
 .bss           0x0000000000000000        0x0 build/py/nlrthumb.o
 .debug_info    0x0000000000000000       0x65 build/py/nlrthumb.o
 .debug_abbrev  0x0000000000000000       0x26 build/py/nlrthumb.o
 .debug_aranges
                0x0000000000000000       0x20 build/py/nlrthumb.o
 .debug_line    0x0000000000000000       0x35 build/py/nlrthumb.o
 .debug_str     0x0000000000000000      0x12d build/py/nlrthumb.o
 .debug_line_str
                0x0000000000000000       0x74 build/py/nlrthumb.o
 .comment       0x0000000000000000       0x2c build/py/nlrthumb.o
 .note.GNU-stack
                0x0000000000000000        0x0 build/py/nlrthumb.o
 .note.gnu.property
                0x0000000000000000       0x20 build/py/nlrthumb.o
 .text          0x0000000000000000        0x0 build/py/nlraarch64.o
 .data          0x0000000000000000        0x0 build/py/nlraarch64.o
 .bss           0x0000000000000000        0x0 build/py/nlraarch64.o
 .debug_info    0x0000000000000000       0x65 build/py/nlraarch64.o
 .debug_abbrev  0x0000000000000000       0x26 build/py/nlraarch64.o
 .debug_aranges
                0x0000000000000000       0x20 build/py/nlraarch64.o
 .debug_line    0x0000000000000000       0x35 build/py/nlraarch64.o
 .debug_str     0x0000000000000000      0x12d build/py/nlraarch64.o
 .debug_line_str
                0x0000000000000000       0x78 build/py/nlraarch64.o
[...]
Memory Configuration

Name             Origin             Length             Attributes
*default*        0x0000000000000000 0xffffffffffffffff

Linker script and memory map

LOAD /usr/lib/gcc/x86_64-linux-gnu/11/../../../x86_64-linux-gnu/Scrt1.o
LOAD /usr/lib/gcc/x86_64-linux-gnu/11/../../../x86_64-linux-gnu/crti.o
LOAD /usr/lib/gcc/x86_64-linux-gnu/11/crtbeginS.o
LOAD build/py/mpstate.o
LOAD build/py/nlr.o
LOAD build/py/nlrx86.o
LOAD build/py/nlrx64.o
LOAD build/py/nlrthumb.o
LOAD build/py/nlraarch64.o
LOAD build/py/nlrmips.o
LOAD build/py/nlrpowerpc.o
LOAD build/py/nlrxtensa.o
LOAD build/py/nlrsetjmp.o
LOAD build/py/malloc.o
LOAD build/py/gc.o
LOAD build/py/pystack.o
LOAD build/py/qstr.o
LOAD build/py/vstr.o
LOAD build/py/mpprint.o
LOAD build/py/unicode.o
LOAD build/py/mpz.o
LOAD build/py/reader.o
LOAD build/py/lexer.o
LOAD build/py/parse.o
LOAD build/py/scope.o
LOAD build/py/compile.o
LOAD build/py/emitcommon.o
LOAD build/py/emitbc.o
LOAD build/py/asmbase.o
LOAD build/py/asmx64.o
LOAD build/py/emitnx64.o
LOAD build/py/asmx86.o
LOAD build/py/emitnx86.o
LOAD build/py/asmthumb.o
LOAD build/py/emitnthumb.o
LOAD build/py/emitinlinethumb.o
LOAD build/py/asmarm.o
LOAD build/py/emitnarm.o
LOAD build/py/asmxtensa.o
LOAD build/py/emitnxtensa.o
LOAD build/py/emitinlinextensa.o
LOAD build/py/emitnxtensawin.o
LOAD build/py/formatfloat.o
LOAD build/py/parsenumbase.o
LOAD build/py/parsenum.o
LOAD build/py/emitglue.o
LOAD build/py/persistentcode.o
LOAD build/py/runtime.o
LOAD build/py/runtime_utils.o
LOAD build/py/scheduler.o
LOAD build/py/nativeglue.o
LOAD build/py/pairheap.o
LOAD build/py/ringbuf.o
LOAD build/py/stackctrl.o
LOAD build/py/argcheck.o
LOAD build/py/warning.o
LOAD build/py/profile.o
LOAD build/py/map.o
LOAD build/py/obj.o
LOAD build/py/objarray.o
LOAD build/py/objattrtuple.o
LOAD build/py/objbool.o
LOAD build/py/objboundmeth.o
LOAD build/py/objcell.o
LOAD build/py/objclosure.o
LOAD build/py/objcomplex.o
LOAD build/py/objdeque.o
LOAD build/py/objdict.o
LOAD build/py/objenumerate.o
LOAD build/py/objexcept.o
LOAD build/py/objfilter.o
LOAD build/py/objfloat.o
LOAD build/py/objfun.o
LOAD build/py/objgenerator.o
LOAD build/py/objgetitemiter.o
LOAD build/py/objint.o
LOAD build/py/objint_longlong.o
LOAD build/py/objint_mpz.o
LOAD build/py/objlist.o
LOAD build/py/objmap.o
LOAD build/py/objmodule.o
LOAD build/py/objobject.o
LOAD build/py/objpolyiter.o
LOAD build/py/objproperty.o
LOAD build/py/objnone.o
LOAD build/py/objnamedtuple.o
LOAD build/py/objrange.o
LOAD build/py/objreversed.o
LOAD build/py/objset.o
LOAD build/py/objsingleton.o
LOAD build/py/objslice.o
LOAD build/py/objstr.o
LOAD build/py/objstrunicode.o
LOAD build/py/objstringio.o
LOAD build/py/objtuple.o
LOAD build/py/objtype.o
LOAD build/py/objzip.o
LOAD build/py/opmethods.o
LOAD build/py/sequence.o
LOAD build/py/stream.o
LOAD build/py/binary.o
LOAD build/py/builtinimport.o
LOAD build/py/builtinevex.o
LOAD build/py/builtinhelp.o
LOAD build/py/modarray.o
LOAD build/py/modbuiltins.o
LOAD build/py/modcollections.o
LOAD build/py/modgc.o
LOAD build/py/modio.o
LOAD build/py/modmath.o
LOAD build/py/modcmath.o
LOAD build/py/modmicropython.o
LOAD build/py/modstruct.o
LOAD build/py/modsys.o
LOAD build/py/moduerrno.o
LOAD build/py/modthread.o
LOAD build/py/vm.o
LOAD build/py/bc.o
LOAD build/py/showbc.o
LOAD build/py/repl.o
LOAD build/py/smallint.o
LOAD build/py/frozenmod.o
LOAD build/main.o
LOAD build/uart_core.o
LOAD build/shared/libc/printf.o
LOAD build/shared/readline/readline.o
LOAD build/shared/runtime/pyexec.o
LOAD build/shared/runtime/stdout_helpers.o
LOAD build/build/_frozen_mpy.o
LOAD /usr/lib/gcc/x86_64-linux-gnu/11/libgcc.a
LOAD /usr/lib/gcc/x86_64-linux-gnu/11/libgcc_s.so
START GROUP
LOAD /usr/lib/gcc/x86_64-linux-gnu/11/../../../x86_64-linux-gnu/libgcc_s.so.1
LOAD /usr/lib/gcc/x86_64-linux-gnu/11/libgcc.a
END GROUP
LOAD /usr/lib/gcc/x86_64-linux-gnu/11/../../../x86_64-linux-gnu/libc.so
START GROUP
LOAD /lib/x86_64-linux-gnu/libc.so.6
LOAD /usr/lib/x86_64-linux-gnu/libc_nonshared.a
LOAD /lib64/ld-linux-x86-64.so.2
END GROUP
LOAD /usr/lib/gcc/x86_64-linux-gnu/11/libgcc.a
LOAD /usr/lib/gcc/x86_64-linux-gnu/11/libgcc_s.so
START GROUP
LOAD /usr/lib/gcc/x86_64-linux-gnu/11/../../../x86_64-linux-gnu/libgcc_s.so.1
LOAD /usr/lib/gcc/x86_64-linux-gnu/11/libgcc.a
END GROUP
LOAD /usr/lib/gcc/x86_64-linux-gnu/11/crtendS.o
LOAD /usr/lib/gcc/x86_64-linux-gnu/11/../../../x86_64-linux-gnu/crtn.o
                [!provide]                        PROVIDE (__executable_start = SEGMENT_START ("text-segment", 0x0))
                0x0000000000000318                . = (SEGMENT_START ("text-segment", 0x0) + SIZEOF_HEADERS)

.interp         0x0000000000000318       0x1c
 *(.interp)
 .interp        0x0000000000000318       0x1c /usr/lib/gcc/x86_64-linux-gnu/11/../../../x86_64-linux-gnu/Scrt1.o

.note.gnu.property
                0x0000000000000338       0x30
 .note.gnu.property
                0x0000000000000338       0x30 /usr/lib/gcc/x86_64-linux-gnu/11/../../../x86_64-linux-gnu/Scrt1.o

.note.gnu.build-id
                0x0000000000000368       0x24
 *(.note.gnu.build-id)
 .note.gnu.build-id
                0x0000000000000368       0x24 /usr/lib/gcc/x86_64-linux-gnu/11/../../../x86_64-linux-gnu/Scrt1.o

.note.ABI-tag   0x000000000000038c       0x20
 .note.ABI-tag  0x000000000000038c       0x20 /usr/lib/gcc/x86_64-linux-gnu/11/../../../x86_64-linux-gnu/Scrt1.o

.hash
 *(.hash)

.gnu.hash       0x00000000000003b0       0x40
 *(.gnu.hash)
 .gnu.hash      0x00000000000003b0       0x40 /usr/lib/gcc/x86_64-linux-gnu/11/../../../x86_64-linux-gnu/Scrt1.o

.dynsym         0x00000000000003f0      0x228
 *(.dynsym)
 .dynsym        0x00000000000003f0      0x228 /usr/lib/gcc/x86_64-linux-gnu/11/../../../x86_64-linux-gnu/Scrt1.o

.dynstr         0x0000000000000618      0x121
 *(.dynstr)
 .dynstr        0x0000000000000618      0x121 /usr/lib/gcc/x86_64-linux-gnu/11/../../../x86_64-linux-gnu/Scrt1.o

.gnu.version    0x000000000000073a       0x2e
 *(.gnu.version)
 .gnu.version   0x000000000000073a       0x2e /usr/lib/gcc/x86_64-linux-gnu/11/../../../x86_64-linux-gnu/Scrt1.o

.gnu.version_d  0x0000000000000768        0x0
 *(.gnu.version_d)
 .gnu.version_d
                0x0000000000000768        0x0 /usr/lib/gcc/x86_64-linux-gnu/11/../../../x86_64-linux-gnu/Scrt1.o

.gnu.version_r  0x0000000000000768       0x50
 *(.gnu.version_r)
 .gnu.version_r
                0x0000000000000768       0x50 /usr/lib/gcc/x86_64-linux-gnu/11/../../../x86_64-linux-gnu/Scrt1.o

.rela.dyn       0x00000000000007b8     0x5790
 *(.rela.init)
 *(.rela.text .rela.text.* .rela.gnu.linkonce.t.*)
 *(.rela.fini)
 *(.rela.rodata .rela.rodata.* .rela.gnu.linkonce.r.*)
 *(.rela.data .rela.data.* .rela.gnu.linkonce.d.*)
 .rela.data.rel.ro
                0x00000000000007b8        0x0 /usr/lib/gcc/x86_64-linux-gnu/11/../../../x86_64-linux-gnu/Scrt1.o
 .rela.data.rel.local
                0x00000000000007b8       0x18 /usr/lib/gcc/x86_64-linux-gnu/11/../../../x86_64-linux-gnu/Scrt1.o
 .rela.data.rel.ro.local.mp_qstr_const_pool
                0x00000000000007d0     0x1380 /usr/lib/gcc/x86_64-linux-gnu/11/../../../x86_64-linux-gnu/Scrt1.o
 .rela.data.rel.ro.local.mp_plat_print
                0x0000000000001b50       0x18 /usr/lib/gcc/x86_64-linux-gnu/11/../../../x86_64-linux-gnu/Scrt1.o
 .rela.data.rel.ro.local.tok_kw
                0x0000000000001b68      0x330 /usr/lib/gcc/x86_64-linux-gnu/11/../../../x86_64-linux-gnu/Scrt1.o
 .rela.data.rel.ro.local.compile_function
                0x0000000000001e98      0x510 /usr/lib/gcc/x86_64-linux-gnu/11/../../../x86_64-linux-gnu/Scrt1.o
 .rela.data.rel.ro.local.mp_emit_bc_method_table_delete_id_ops
                0x00000000000023a8       0x30 /usr/lib/gcc/x86_64-linux-gnu/11/../../../x86_64-linux-gnu/Scrt1.o
 .rela.data.rel.ro.local.mp_emit_bc_method_table_store_id_ops
                0x00000000000023d8       0x30 /usr/lib/gcc/x86_64-linux-gnu/11/../../../x86_64-linux-gnu/Scrt1.o
 .rela.data.rel.ro.local.mp_emit_bc_method_table_load_id_ops
                0x0000000000002408       0x30 /usr/lib/gcc/x86_64-linux-gnu/11/../../../x86_64-linux-gnu/Scrt1.o
 .rela.data.rel.ro.mp_module___main__
                0x0000000000002438       0x30 /usr/lib/gcc/x86_64-linux-gnu/11/../../../x86_64-linux-gnu/Scrt1.o
 .rela.data.rel.ro.types.0
                0x0000000000002468      0x120 /usr/lib/gcc/x86_64-linux-gnu/11/../../../x86_64-linux-gnu/Scrt1.o
 .rela.data.rel.ro.mp_type_bool
                0x0000000000002588       0x78 /usr/lib/gcc/x86_64-linux-gnu/11/../../../x86_64-linux-gnu/Scrt1.o
 .rela.data.rel.ro.mp_type_bound_meth
                0x0000000000002600       0x30 /usr/lib/gcc/x86_64-linux-gnu/11/../../../x86_64-linux-gnu/Scrt1.o
 .rela.data.rel.ro.mp_type_cell
                0x0000000000002630       0x18 /usr/lib/gcc/x86_64-linux-gnu/11/../../../x86_64-linux-gnu/Scrt1.o
 .rela.data.rel.ro.mp_type_closure
                0x0000000000002648       0x30 /usr/lib/gcc/x86_64-linux-gnu/11/../../../x86_64-linux-gnu/Scrt1.o
 .rela.data.rel.ro.local.dict_locals_dict
                0x0000000000002678       0x30 /usr/lib/gcc/x86_64-linux-gnu/11/../../../x86_64-linux-gnu/Scrt1.o
 .rela.data.rel.ro.dict_locals_dict_table
                0x00000000000026a8      0x138 /usr/lib/gcc/x86_64-linux-gnu/11/../../../x86_64-linux-gnu/Scrt1.o
 .rela.data.rel.ro.dict_values_obj
                0x00000000000027e0       0x30 /usr/lib/gcc/x86_64-linux-gnu/11/../../../x86_64-linux-gnu/Scrt1.o
 .rela.data.rel.ro.dict_keys_obj
                0x0000000000002810       0x30 /usr/lib/gcc/x86_64-linux-gnu/11/../../../x86_64-linux-gnu/Scrt1.o
 .rela.data.rel.ro.dict_items_obj
                0x0000000000002840       0x30 /usr/lib/gcc/x86_64-linux-gnu/11/../../../x86_64-linux-gnu/Scrt1.o
 .rela.data.rel.ro.local.mp_dict_view_names
                0x0000000000002870       0x48 /usr/lib/gcc/x86_64-linux-gnu/11/../../../x86_64-linux-gnu/Scrt1.o
 .rela.data.rel.ro.mp_type_dict_view_it
                0x00000000000028b8       0x30 /usr/lib/gcc/x86_64-linux-gnu/11/../../../x86_64-linux-gnu/Scrt1.o
 .rela.data.rel.ro.mp_type_dict_view
                0x00000000000028e8       0x60 /usr/lib/gcc/x86_64-linux-gnu/11/../../../x86_64-linux-gnu/Scrt1.o
 .rela.data.rel.ro.dict_update_obj
                0x0000000000002948       0x30 /usr/lib/gcc/x86_64-linux-gnu/11/../../../x86_64-linux-gnu/Scrt1.o
 .rela.data.rel.ro.dict_popitem_obj
                0x0000000000002978       0x30 /usr/lib/gcc/x86_64-linux-gnu/11/../../../x86_64-linux-gnu/Scrt1.o
 .rela.data.rel.ro.dict_setdefault_obj
                0x00000000000029a8       0x30 /usr/lib/gcc/x86_64-linux-gnu/11/../../../x86_64-linux-gnu/Scrt1.o
 .rela.data.rel.ro.dict_pop_obj
                0x00000000000029d8       0x30 /usr/lib/gcc/x86_64-linux-gnu/11/../../../x86_64-linux-gnu/Scrt1.o
 .rela.data.rel.ro.dict_get_obj
                0x0000000000002a08       0x30 /usr/lib/gcc/x86_64-linux-gnu/11/../../../x86_64-linux-gnu/Scrt1.o
 .rela.data.rel.ro.dict_copy_obj
                0x0000000000002a38       0x30 /usr/lib/gcc/x86_64-linux-gnu/11/../../../x86_64-linux-gnu/Scrt1.o
 .rela.data.rel.ro.dict_clear_obj
                0x0000000000002a68       0x30 /usr/lib/gcc/x86_64-linux-gnu/11/../../../x86_64-linux-gnu/Scrt1.o
 .rela.data.rel.ro.mp_type_dict
                0x0000000000002a98       0xc0 /usr/lib/gcc/x86_64-linux-gnu/11/../../../x86_64-linux-gnu/Scrt1.o
 .rela.data.rel.ro.mp_type_ValueError
                0x0000000000002b58       0x78 /usr/lib/gcc/x86_64-linux-gnu/11/../../../x86_64-linux-gnu/Scrt1.o
 .rela.data.rel.ro.mp_type_TypeError
                0x0000000000002bd0       0x78 /usr/lib/gcc/x86_64-linux-gnu/11/../../../x86_64-linux-gnu/Scrt1.o
 .rela.data.rel.ro.mp_type_IndentationError
                0x0000000000002c48       0x78 /usr/lib/gcc/x86_64-linux-gnu/11/../../../x86_64-linux-gnu/Scrt1.o
 .rela.data.rel.ro.mp_type_SyntaxError
                0x0000000000002cc0       0x78 /usr/lib/gcc/x86_64-linux-gnu/11/../../../x86_64-linux-gnu/Scrt1.o
 .rela.data.rel.ro.mp_type_NotImplementedError
                0x0000000000002d38       0x78 /usr/lib/gcc/x86_64-linux-gnu/11/../../../x86_64-linux-gnu/Scrt1.o
 .rela.data.rel.ro.mp_type_RuntimeError
                0x0000000000002db0       0x78 /usr/lib/gcc/x86_64-linux-gnu/11/../../../x86_64-linux-gnu/Scrt1.o
 .rela.data.rel.ro.mp_type_OSError
                0x0000000000002e28       0x78 /usr/lib/gcc/x86_64-linux-gnu/11/../../../x86_64-linux-gnu/Scrt1.o
 .rela.data.rel.ro.mp_type_NameError
                0x0000000000002ea0       0x78 /usr/lib/gcc/x86_64-linux-gnu/11/../../../x86_64-linux-gnu/Scrt1.o
 .rela.data.rel.ro.mp_type_MemoryError
                0x0000000000002f18       0x78 /usr/lib/gcc/x86_64-linux-gnu/11/../../../x86_64-linux-gnu/Scrt1.o
 .rela.data.rel.ro.mp_type_KeyError
                0x0000000000002f90       0x78 /usr/lib/gcc/x86_64-linux-gnu/11/../../../x86_64-linux-gnu/Scrt1.o
 .rela.data.rel.ro.mp_type_IndexError
                0x0000000000003008       0x78 /usr/lib/gcc/x86_64-linux-gnu/11/../../../x86_64-linux-gnu/Scrt1.o
 .rela.data.rel.ro.mp_type_LookupError
                0x0000000000003080       0x78 /usr/lib/gcc/x86_64-linux-gnu/11/../../../x86_64-linux-gnu/Scrt1.o
 .rela.data.rel.ro.mp_type_ImportError
                0x00000000000030f8       0x78 /usr/lib/gcc/x86_64-linux-gnu/11/../../../x86_64-linux-gnu/Scrt1.o
 .rela.data.rel.ro.mp_type_EOFError
                0x0000000000003170       0x78 /usr/lib/gcc/x86_64-linux-gnu/11/../../../x86_64-linux-gnu/Scrt1.o
 .rela.data.rel.ro.mp_type_AttributeError
                0x00000000000031e8       0x78 /usr/lib/gcc/x86_64-linux-gnu/11/../../../x86_64-linux-gnu/Scrt1.o
 .rela.data.rel.ro.mp_type_AssertionError
                0x0000000000003260       0x78 /usr/lib/gcc/x86_64-linux-gnu/11/../../../x86_64-linux-gnu/Scrt1.o
 .rela.data.rel.ro.mp_type_ZeroDivisionError
                0x00000000000032d8       0x78 /usr/lib/gcc/x86_64-linux-gnu/11/../../../x86_64-linux-gnu/Scrt1.o
 .rela.data.rel.ro.mp_type_OverflowError
                0x0000000000003350       0x78 /usr/lib/gcc/x86_64-linux-gnu/11/../../../x86_64-linux-gnu/Scrt1.o
 .rela.data.rel.ro.mp_type_ArithmeticError
                0x00000000000033c8       0x78 /usr/lib/gcc/x86_64-linux-gnu/11/../../../x86_64-linux-gnu/Scrt1.o
 .rela.data.rel.ro.mp_type_StopIteration
                0x0000000000003440       0x78 /usr/lib/gcc/x86_64-linux-gnu/11/../../../x86_64-linux-gnu/Scrt1.o
 .rela.data.rel.ro.mp_type_Exception
                0x00000000000034b8       0x78 /usr/lib/gcc/x86_64-linux-gnu/11/../../../x86_64-linux-gnu/Scrt1.o
 .rela.data.rel.ro.mp_type_GeneratorExit
                0x0000000000003530       0x78 /usr/lib/gcc/x86_64-linux-gnu/11/../../../x86_64-linux-gnu/Scrt1.o
 .rela.data.rel.ro.mp_type_KeyboardInterrupt
                0x00000000000035a8       0x78 /usr/lib/gcc/x86_64-linux-gnu/11/../../../x86_64-linux-gnu/Scrt1.o
 .rela.data.rel.ro.mp_type_SystemExit
                0x0000000000003620       0x78 /usr/lib/gcc/x86_64-linux-gnu/11/../../../x86_64-linux-gnu/Scrt1.o
 .rela.data.rel.ro.mp_type_BaseException
                0x0000000000003698       0x60 /usr/lib/gcc/x86_64-linux-gnu/11/../../../x86_64-linux-gnu/Scrt1.o
 .rela.data.rel.ro.mp_type_fun_bc
                0x00000000000036f8       0x48 /usr/lib/gcc/x86_64-linux-gnu/11/../../../x86_64-linux-gnu/Scrt1.o
 .rela.data.rel.ro.mp_type_fun_builtin_var
                0x0000000000003740       0x48 /usr/lib/gcc/x86_64-linux-gnu/11/../../../x86_64-linux-gnu/Scrt1.o
 .rela.data.rel.ro.mp_type_fun_builtin_3
                0x0000000000003788       0x48 /usr/lib/gcc/x86_64-linux-gnu/11/../../../x86_64-linux-gnu/Scrt1.o
 .rela.data.rel.ro.mp_type_fun_builtin_2
                0x00000000000037d0       0x48 /usr/lib/gcc/x86_64-linux-gnu/11/../../../x86_64-linux-gnu/Scrt1.o
 .rela.data.rel.ro.mp_type_fun_builtin_1
                0x0000000000003818       0x48 /usr/lib/gcc/x86_64-linux-gnu/11/../../../x86_64-linux-gnu/Scrt1.o
 .rela.data.rel.ro.mp_type_fun_builtin_0
                0x0000000000003860       0x48 /usr/lib/gcc/x86_64-linux-gnu/11/../../../x86_64-linux-gnu/Scrt1.o
 .rela.data.rel.ro.mp_type_gen_instance
                0x00000000000038a8       0x78 /usr/lib/gcc/x86_64-linux-gnu/11/../../../x86_64-linux-gnu/Scrt1.o
 .rela.data.rel.ro.gen_instance_locals_dict
                0x0000000000003920       0x30 /usr/lib/gcc/x86_64-linux-gnu/11/../../../x86_64-linux-gnu/Scrt1.o
 .rela.data.rel.ro.local.gen_instance_locals_dict_table
                0x0000000000003950       0x48 /usr/lib/gcc/x86_64-linux-gnu/11/../../../x86_64-linux-gnu/Scrt1.o
 .rela.data.rel.ro.gen_instance_close_obj
                0x0000000000003998       0x30 /usr/lib/gcc/x86_64-linux-gnu/11/../../../x86_64-linux-gnu/Scrt1.o
 .rela.data.rel.ro.gen_instance_throw_obj
                0x00000000000039c8       0x30 /usr/lib/gcc/x86_64-linux-gnu/11/../../../x86_64-linux-gnu/Scrt1.o
 .rela.data.rel.ro.gen_instance_send_obj
                0x00000000000039f8       0x30 /usr/lib/gcc/x86_64-linux-gnu/11/../../../x86_64-linux-gnu/Scrt1.o
 .rela.data.rel.ro.mp_type_gen_wrap
                0x0000000000003a28       0x48 /usr/lib/gcc/x86_64-linux-gnu/11/../../../x86_64-linux-gnu/Scrt1.o
 .rela.data.rel.ro.mp_const_GeneratorExit_obj
                0x0000000000003a70       0x30 /usr/lib/gcc/x86_64-linux-gnu/11/../../../x86_64-linux-gnu/Scrt1.o
 .rela.data.rel.ro.mp_type_it
                0x0000000000003aa0       0x30 /usr/lib/gcc/x86_64-linux-gnu/11/../../../x86_64-linux-gnu/Scrt1.o
 .rela.data.rel.ro.int_locals_dict
                0x0000000000003ad0       0x30 /usr/lib/gcc/x86_64-linux-gnu/11/../../../x86_64-linux-gnu/Scrt1.o
 .rela.data.rel.ro.local.int_locals_dict_table
                0x0000000000003b00       0x30 /usr/lib/gcc/x86_64-linux-gnu/11/../../../x86_64-linux-gnu/Scrt1.o
 .rela.data.rel.ro.int_to_bytes_obj
                0x0000000000003b30       0x30 /usr/lib/gcc/x86_64-linux-gnu/11/../../../x86_64-linux-gnu/Scrt1.o
 .rela.data.rel.ro.int_from_bytes_obj
                0x0000000000003b60       0x30 /usr/lib/gcc/x86_64-linux-gnu/11/../../../x86_64-linux-gnu/Scrt1.o
 .rela.data.rel.ro.int_from_bytes_fun_obj
                0x0000000000003b90       0x30 /usr/lib/gcc/x86_64-linux-gnu/11/../../../x86_64-linux-gnu/Scrt1.o
 .rela.data.rel.ro.mp_type_int
                0x0000000000003bc0       0x90 /usr/lib/gcc/x86_64-linux-gnu/11/../../../x86_64-linux-gnu/Scrt1.o
 .rela.data.rel.ro.list_locals_dict
                0x0000000000003c50       0x30 /usr/lib/gcc/x86_64-linux-gnu/11/../../../x86_64-linux-gnu/Scrt1.o
 .rela.data.rel.ro.local.list_locals_dict_table
                0x0000000000003c80      0x108 /usr/lib/gcc/x86_64-linux-gnu/11/../../../x86_64-linux-gnu/Scrt1.o
 .rela.data.rel.ro.list_sort_obj
                0x0000000000003d88       0x30 /usr/lib/gcc/x86_64-linux-gnu/11/../../../x86_64-linux-gnu/Scrt1.o
 .rela.data.rel.ro.list_reverse_obj
                0x0000000000003db8       0x30 /usr/lib/gcc/x86_64-linux-gnu/11/../../../x86_64-linux-gnu/Scrt1.o
 .rela.data.rel.ro.list_remove_obj
                0x0000000000003de8       0x30 /usr/lib/gcc/x86_64-linux-gnu/11/../../../x86_64-linux-gnu/Scrt1.o
 .rela.data.rel.ro.list_pop_obj
                0x0000000000003e18       0x30 /usr/lib/gcc/x86_64-linux-gnu/11/../../../x86_64-linux-gnu/Scrt1.o
 .rela.data.rel.ro.list_insert_obj
                0x0000000000003e48       0x30 /usr/lib/gcc/x86_64-linux-gnu/11/../../../x86_64-linux-gnu/Scrt1.o
 .rela.data.rel.ro.list_index_obj
                0x0000000000003e78       0x30 /usr/lib/gcc/x86_64-linux-gnu/11/../../../x86_64-linux-gnu/Scrt1.o
 .rela.data.rel.ro.list_count_obj
                0x0000000000003ea8       0x30 /usr/lib/gcc/x86_64-linux-gnu/11/../../../x86_64-linux-gnu/Scrt1.o
 .rela.data.rel.ro.list_copy_obj
                0x0000000000003ed8       0x30 /usr/lib/gcc/x86_64-linux-gnu/11/../../../x86_64-linux-gnu/Scrt1.o
 .rela.data.rel.ro.list_clear_obj
                0x0000000000003f08       0x30 /usr/lib/gcc/x86_64-linux-gnu/11/../../../x86_64-linux-gnu/Scrt1.o
 .rela.data.rel.ro.list_extend_obj
                0x0000000000003f38       0x30 /usr/lib/gcc/x86_64-linux-gnu/11/../../../x86_64-linux-gnu/Scrt1.o
 .rela.data.rel.ro.list_append_obj
                0x0000000000003f68       0x30 /usr/lib/gcc/x86_64-linux-gnu/11/../../../x86_64-linux-gnu/Scrt1.o
 .rela.data.rel.ro.mp_type_list
                0x0000000000003f98       0xc0 /usr/lib/gcc/x86_64-linux-gnu/11/../../../x86_64-linux-gnu/Scrt1.o
 .rela.data.rel.ro.mp_type_map
                0x0000000000004058       0x48 /usr/lib/gcc/x86_64-linux-gnu/11/../../../x86_64-linux-gnu/Scrt1.o
 .rela.data.rel.ro.local.mp_builtin_module_map
                0x00000000000040a0       0x18 /usr/lib/gcc/x86_64-linux-gnu/11/../../../x86_64-linux-gnu/Scrt1.o
 .rela.data.rel.ro.mp_builtin_module_table
                0x00000000000040b8       0x30 /usr/lib/gcc/x86_64-linux-gnu/11/../../../x86_64-linux-gnu/Scrt1.o
 .rela.data.rel.ro.mp_type_module
                0x00000000000040e8       0x48 /usr/lib/gcc/x86_64-linux-gnu/11/../../../x86_64-linux-gnu/Scrt1.o
 .rela.data.rel.ro.mp_type_object
                0x0000000000004130       0x30 /usr/lib/gcc/x86_64-linux-gnu/11/../../../x86_64-linux-gnu/Scrt1.o
 .rela.data.rel.ro.mp_type_polymorph_iter
                0x0000000000004160       0x30 /usr/lib/gcc/x86_64-linux-gnu/11/../../../x86_64-linux-gnu/Scrt1.o
 .rela.data.rel.ro.mp_type_NoneType
                0x0000000000004190       0x48 /usr/lib/gcc/x86_64-linux-gnu/11/../../../x86_64-linux-gnu/Scrt1.o
 .rela.data.rel.ro.mp_type_range
                0x00000000000041d8       0x90 /usr/lib/gcc/x86_64-linux-gnu/11/../../../x86_64-linux-gnu/Scrt1.o
 .rela.data.rel.ro.mp_type_range_it
                0x0000000000004268       0x30 /usr/lib/gcc/x86_64-linux-gnu/11/../../../x86_64-linux-gnu/Scrt1.o
 .rela.data.rel.ro.local.mp_const_ellipsis_obj
                0x0000000000004298       0x18 /usr/lib/gcc/x86_64-linux-gnu/11/../../../x86_64-linux-gnu/Scrt1.o
 .rela.data.rel.ro.mp_type_singleton
                0x00000000000042b0       0x48 /usr/lib/gcc/x86_64-linux-gnu/11/../../../x86_64-linux-gnu/Scrt1.o
 .rela.data.rel.ro.local.mp_const_empty_bytes_obj
                0x00000000000042f8       0x30 /usr/lib/gcc/x86_64-linux-gnu/11/../../../x86_64-linux-gnu/Scrt1.o
 .rela.data.rel.ro.mp_obj_str_locals_dict
                0x0000000000004328       0x30 /usr/lib/gcc/x86_64-linux-gnu/11/../../../x86_64-linux-gnu/Scrt1.o
 .rela.data.rel.ro.local.array_bytearray_str_bytes_locals_table
                0x0000000000004358      0x1f8 /usr/lib/gcc/x86_64-linux-gnu/11/../../../x86_64-linux-gnu/Scrt1.o
 .rela.data.rel.ro.str_islower_obj
                0x0000000000004550       0x30 /usr/lib/gcc/x86_64-linux-gnu/11/../../../x86_64-linux-gnu/Scrt1.o
 .rela.data.rel.ro.str_isupper_obj
                0x0000000000004580       0x30 /usr/lib/gcc/x86_64-linux-gnu/11/../../../x86_64-linux-gnu/Scrt1.o
 .rela.data.rel.ro.str_isdigit_obj
                0x00000000000045b0       0x30 /usr/lib/gcc/x86_64-linux-gnu/11/../../../x86_64-linux-gnu/Scrt1.o
 .rela.data.rel.ro.str_isalpha_obj
                0x00000000000045e0       0x30 /usr/lib/gcc/x86_64-linux-gnu/11/../../../x86_64-linux-gnu/Scrt1.o
 .rela.data.rel.ro.str_isspace_obj
                0x0000000000004610       0x30 /usr/lib/gcc/x86_64-linux-gnu/11/../../../x86_64-linux-gnu/Scrt1.o
 .rela.data.rel.ro.str_upper_obj
                0x0000000000004640       0x30 /usr/lib/gcc/x86_64-linux-gnu/11/../../../x86_64-linux-gnu/Scrt1.o
 .rela.data.rel.ro.str_lower_obj
                0x0000000000004670       0x30 /usr/lib/gcc/x86_64-linux-gnu/11/../../../x86_64-linux-gnu/Scrt1.o
 .rela.data.rel.ro.str_replace_obj
                0x00000000000046a0       0x30 /usr/lib/gcc/x86_64-linux-gnu/11/../../../x86_64-linux-gnu/Scrt1.o
 .rela.data.rel.ro.str_format_obj
                0x00000000000046d0       0x30 /usr/lib/gcc/x86_64-linux-gnu/11/../../../x86_64-linux-gnu/Scrt1.o
 .rela.data.rel.ro.str_rstrip_obj
                0x0000000000004700       0x30 /usr/lib/gcc/x86_64-linux-gnu/11/../../../x86_64-linux-gnu/Scrt1.o
 .rela.data.rel.ro.str_lstrip_obj
                0x0000000000004730       0x30 /usr/lib/gcc/x86_64-linux-gnu/11/../../../x86_64-linux-gnu/Scrt1.o
 .rela.data.rel.ro.str_strip_obj
                0x0000000000004760       0x30 /usr/lib/gcc/x86_64-linux-gnu/11/../../../x86_64-linux-gnu/Scrt1.o
 .rela.data.rel.ro.str_endswith_obj
                0x0000000000004790       0x30 /usr/lib/gcc/x86_64-linux-gnu/11/../../../x86_64-linux-gnu/Scrt1.o
 .rela.data.rel.ro.str_startswith_obj
                0x00000000000047c0       0x30 /usr/lib/gcc/x86_64-linux-gnu/11/../../../x86_64-linux-gnu/Scrt1.o
 .rela.data.rel.ro.str_rindex_obj
                0x00000000000047f0       0x30 /usr/lib/gcc/x86_64-linux-gnu/11/../../../x86_64-linux-gnu/Scrt1.o
 .rela.data.rel.ro.str_index_obj
                0x0000000000004820       0x30 /usr/lib/gcc/x86_64-linux-gnu/11/../../../x86_64-linux-gnu/Scrt1.o
 .rela.data.rel.ro.str_rfind_obj
                0x0000000000004850       0x30 /usr/lib/gcc/x86_64-linux-gnu/11/../../../x86_64-linux-gnu/Scrt1.o
 .rela.data.rel.ro.str_find_obj
                0x0000000000004880       0x30 /usr/lib/gcc/x86_64-linux-gnu/11/../../../x86_64-linux-gnu/Scrt1.o
 .rela.data.rel.ro.str_rsplit_obj
                0x00000000000048b0       0x30 /usr/lib/gcc/x86_64-linux-gnu/11/../../../x86_64-linux-gnu/Scrt1.o
 .rela.data.rel.ro.str_split_obj
                0x00000000000048e0       0x30 /usr/lib/gcc/x86_64-linux-gnu/11/../../../x86_64-linux-gnu/Scrt1.o
 .rela.data.rel.ro.str_join_obj
                0x0000000000004910       0x30 /usr/lib/gcc/x86_64-linux-gnu/11/../../../x86_64-linux-gnu/Scrt1.o
 .rela.data.rel.ro.mp_type_str
                0x0000000000004940       0xc0 /usr/lib/gcc/x86_64-linux-gnu/11/../../../x86_64-linux-gnu/Scrt1.o
 .rela.data.rel.ro.mp_type_bytes
                0x0000000000004a00       0xc0 /usr/lib/gcc/x86_64-linux-gnu/11/../../../x86_64-linux-gnu/Scrt1.o
 .rela.data.rel.ro.local.mp_const_empty_tuple_obj
                0x0000000000004ac0       0x18 /usr/lib/gcc/x86_64-linux-gnu/11/../../../x86_64-linux-gnu/Scrt1.o
 .rela.data.rel.ro.tuple_locals_dict
                0x0000000000004ad8       0x30 /usr/lib/gcc/x86_64-linux-gnu/11/../../../x86_64-linux-gnu/Scrt1.o
 .rela.data.rel.ro.local.tuple_locals_dict_table
                0x0000000000004b08       0x30 /usr/lib/gcc/x86_64-linux-gnu/11/../../../x86_64-linux-gnu/Scrt1.o
 .rela.data.rel.ro.tuple_index_obj
                0x0000000000004b38       0x30 /usr/lib/gcc/x86_64-linux-gnu/11/../../../x86_64-linux-gnu/Scrt1.o
 .rela.data.rel.ro.tuple_count_obj
                0x0000000000004b68       0x30 /usr/lib/gcc/x86_64-linux-gnu/11/../../../x86_64-linux-gnu/Scrt1.o
 .rela.data.rel.ro.mp_type_tuple
                0x0000000000004b98       0xc0 /usr/lib/gcc/x86_64-linux-gnu/11/../../../x86_64-linux-gnu/Scrt1.o
 .rela.data.rel.ro.local.mp_type_classmethod
                0x0000000000004c58       0x30 /usr/lib/gcc/x86_64-linux-gnu/11/../../../x86_64-linux-gnu/Scrt1.o
 .rela.data.rel.ro.local.mp_type_staticmethod
                0x0000000000004c88       0x30 /usr/lib/gcc/x86_64-linux-gnu/11/../../../x86_64-linux-gnu/Scrt1.o
 .rela.data.rel.ro.mp_builtin_isinstance_obj
                0x0000000000004cb8       0x30 /usr/lib/gcc/x86_64-linux-gnu/11/../../../x86_64-linux-gnu/Scrt1.o
 .rela.data.rel.ro.mp_builtin_issubclass_obj
                0x0000000000004ce8       0x30 /usr/lib/gcc/x86_64-linux-gnu/11/../../../x86_64-linux-gnu/Scrt1.o
 .rela.data.rel.ro.local.mp_type_super
                0x0000000000004d18       0x60 /usr/lib/gcc/x86_64-linux-gnu/11/../../../x86_64-linux-gnu/Scrt1.o
 .rela.data.rel.ro.mp_type_type
                0x0000000000004d78       0x90 /usr/lib/gcc/x86_64-linux-gnu/11/../../../x86_64-linux-gnu/Scrt1.o
 .rela.data.rel.ro.native_base_init_wrapper_obj
                0x0000000000004e08       0x30 /usr/lib/gcc/x86_64-linux-gnu/11/../../../x86_64-linux-gnu/Scrt1.o
 .rela.data.rel.ro.mp_type_zip
                0x0000000000004e38       0x48 /usr/lib/gcc/x86_64-linux-gnu/11/../../../x86_64-linux-gnu/Scrt1.o
 .rela.data.rel.ro.mp_op_delitem_obj
                0x0000000000004e80       0x30 /usr/lib/gcc/x86_64-linux-gnu/11/../../../x86_64-linux-gnu/Scrt1.o
 .rela.data.rel.ro.mp_op_setitem_obj
                0x0000000000004eb0       0x30 /usr/lib/gcc/x86_64-linux-gnu/11/../../../x86_64-linux-gnu/Scrt1.o
 .rela.data.rel.ro.mp_op_getitem_obj
                0x0000000000004ee0       0x30 /usr/lib/gcc/x86_64-linux-gnu/11/../../../x86_64-linux-gnu/Scrt1.o
 .rela.data.rel.ro.mp_builtin___import___obj
                0x0000000000004f10       0x30 /usr/lib/gcc/x86_64-linux-gnu/11/../../../x86_64-linux-gnu/Scrt1.o
 .rela.data.rel.ro.mp_builtin_exec_obj
                0x0000000000004f40       0x30 /usr/lib/gcc/x86_64-linux-gnu/11/../../../x86_64-linux-gnu/Scrt1.o
 .rela.data.rel.ro.mp_builtin_eval_obj
                0x0000000000004f70       0x30 /usr/lib/gcc/x86_64-linux-gnu/11/../../../x86_64-linux-gnu/Scrt1.o
 .rela.data.rel.ro.mp_module_builtins
                0x0000000000004fa0       0x30 /usr/lib/gcc/x86_64-linux-gnu/11/../../../x86_64-linux-gnu/Scrt1.o
 .rela.data.rel.ro.mp_module_builtins_globals
                0x0000000000004fd0       0x30 /usr/lib/gcc/x86_64-linux-gnu/11/../../../x86_64-linux-gnu/Scrt1.o
 .rela.data.rel.ro.mp_module_builtins_globals_table
                0x0000000000005000      0x708 /usr/lib/gcc/x86_64-linux-gnu/11/../../../x86_64-linux-gnu/Scrt1.o
 .rela.data.rel.ro.mp_builtin_len_obj
                0x0000000000005708       0x30 /usr/lib/gcc/x86_64-linux-gnu/11/../../../x86_64-linux-gnu/Scrt1.o
 .rela.data.rel.ro.mp_builtin_id_obj
                0x0000000000005738       0x30 /usr/lib/gcc/x86_64-linux-gnu/11/../../../x86_64-linux-gnu/Scrt1.o
 .rela.data.rel.ro.mp_builtin_locals_obj
                0x0000000000005768       0x30 /usr/lib/gcc/x86_64-linux-gnu/11/../../../x86_64-linux-gnu/Scrt1.o
 .rela.data.rel.ro.mp_builtin_globals_obj
                0x0000000000005798       0x30 /usr/lib/gcc/x86_64-linux-gnu/11/../../../x86_64-linux-gnu/Scrt1.o
 .rela.data.rel.ro.mp_builtin_hasattr_obj
                0x00000000000057c8       0x30 /usr/lib/gcc/x86_64-linux-gnu/11/../../../x86_64-linux-gnu/Scrt1.o
 .rela.data.rel.ro.mp_builtin_setattr_obj
                0x00000000000057f8       0x30 /usr/lib/gcc/x86_64-linux-gnu/11/../../../x86_64-linux-gnu/Scrt1.o
 .rela.data.rel.ro.mp_builtin_getattr_obj
                0x0000000000005828       0x30 /usr/lib/gcc/x86_64-linux-gnu/11/../../../x86_64-linux-gnu/Scrt1.o
 .rela.data.rel.ro.mp_builtin_sorted_obj
                0x0000000000005858       0x30 /usr/lib/gcc/x86_64-linux-gnu/11/../../../x86_64-linux-gnu/Scrt1.o
 .rela.data.rel.ro.mp_builtin_sum_obj
                0x0000000000005888       0x30 /usr/lib/gcc/x86_64-linux-gnu/11/../../../x86_64-linux-gnu/Scrt1.o
 .rela.data.rel.ro.mp_builtin_round_obj
                0x00000000000058b8       0x30 /usr/lib/gcc/x86_64-linux-gnu/11/../../../x86_64-linux-gnu/Scrt1.o
 .rela.data.rel.ro.mp_builtin_repr_obj
                0x00000000000058e8       0x30 /usr/lib/gcc/x86_64-linux-gnu/11/../../../x86_64-linux-gnu/Scrt1.o
 .rela.data.rel.ro.mp_builtin___repl_print___obj
                0x0000000000005918       0x30 /usr/lib/gcc/x86_64-linux-gnu/11/../../../x86_64-linux-gnu/Scrt1.o
 .rela.data.rel.ro.mp_builtin_print_obj
                0x0000000000005948       0x30 /usr/lib/gcc/x86_64-linux-gnu/11/../../../x86_64-linux-gnu/Scrt1.o
 .rela.data.rel.ro.mp_builtin_pow_obj
                0x0000000000005978       0x30 /usr/lib/gcc/x86_64-linux-gnu/11/../../../x86_64-linux-gnu/Scrt1.o
 .rela.data.rel.ro.mp_builtin_ord_obj
                0x00000000000059a8       0x30 /usr/lib/gcc/x86_64-linux-gnu/11/../../../x86_64-linux-gnu/Scrt1.o
 .rela.data.rel.ro.mp_builtin_oct_obj
                0x00000000000059d8       0x30 /usr/lib/gcc/x86_64-linux-gnu/11/../../../x86_64-linux-gnu/Scrt1.o
 .rela.data.rel.ro.mp_builtin_next_obj
                0x0000000000005a08       0x30 /usr/lib/gcc/x86_64-linux-gnu/11/../../../x86_64-linux-gnu/Scrt1.o
 .rela.data.rel.ro.mp_builtin_iter_obj
                0x0000000000005a38       0x30 /usr/lib/gcc/x86_64-linux-gnu/11/../../../x86_64-linux-gnu/Scrt1.o
 .rela.data.rel.ro.mp_builtin_hex_obj
                0x0000000000005a68       0x30 /usr/lib/gcc/x86_64-linux-gnu/11/../../../x86_64-linux-gnu/Scrt1.o
 .rela.data.rel.ro.mp_builtin_hash_obj
                0x0000000000005a98       0x30 /usr/lib/gcc/x86_64-linux-gnu/11/../../../x86_64-linux-gnu/Scrt1.o
 .rela.data.rel.ro.mp_builtin_divmod_obj
                0x0000000000005ac8       0x30 /usr/lib/gcc/x86_64-linux-gnu/11/../../../x86_64-linux-gnu/Scrt1.o
 .rela.data.rel.ro.mp_builtin_dir_obj
                0x0000000000005af8       0x30 /usr/lib/gcc/x86_64-linux-gnu/11/../../../x86_64-linux-gnu/Scrt1.o
 .rela.data.rel.ro.mp_builtin_chr_obj
                0x0000000000005b28       0x30 /usr/lib/gcc/x86_64-linux-gnu/11/../../../x86_64-linux-gnu/Scrt1.o
 .rela.data.rel.ro.mp_builtin_callable_obj
                0x0000000000005b58       0x30 /usr/lib/gcc/x86_64-linux-gnu/11/../../../x86_64-linux-gnu/Scrt1.o
 .rela.data.rel.ro.mp_builtin_bin_obj
                0x0000000000005b88       0x30 /usr/lib/gcc/x86_64-linux-gnu/11/../../../x86_64-linux-gnu/Scrt1.o
 .rela.data.rel.ro.mp_builtin_any_obj
                0x0000000000005bb8       0x30 /usr/lib/gcc/x86_64-linux-gnu/11/../../../x86_64-linux-gnu/Scrt1.o
 .rela.data.rel.ro.mp_builtin_all_obj
                0x0000000000005be8       0x30 /usr/lib/gcc/x86_64-linux-gnu/11/../../../x86_64-linux-gnu/Scrt1.o
 .rela.data.rel.ro.mp_builtin_abs_obj
                0x0000000000005c18       0x30 /usr/lib/gcc/x86_64-linux-gnu/11/../../../x86_64-linux-gnu/Scrt1.o
 .rela.data.rel.ro.mp_builtin___build_class___obj
                0x0000000000005c48       0x30 /usr/lib/gcc/x86_64-linux-gnu/11/../../../x86_64-linux-gnu/Scrt1.o
 .rela.data.rel.ro.local.mp_frozen_mpy_content
                0x0000000000005c78       0x18 /usr/lib/gcc/x86_64-linux-gnu/11/../../../x86_64-linux-gnu/Scrt1.o
 .rela.data.rel.ro.local.frozen_module_frozentest
                0x0000000000005c90       0x48 /usr/lib/gcc/x86_64-linux-gnu/11/../../../x86_64-linux-gnu/Scrt1.o
 .rela.data.rel.ro.local.const_obj_table_data_frozentest
                0x0000000000005cd8       0x48 /usr/lib/gcc/x86_64-linux-gnu/11/../../../x86_64-linux-gnu/Scrt1.o
 .rela.data.rel.ro.const_obj_frozentest_2
                0x0000000000005d20       0x30 /usr/lib/gcc/x86_64-linux-gnu/11/../../../x86_64-linux-gnu/Scrt1.o
 .rela.data.rel.ro.const_obj_frozentest_1
                0x0000000000005d50       0x30 /usr/lib/gcc/x86_64-linux-gnu/11/../../../x86_64-linux-gnu/Scrt1.o
 .rela.data.rel.ro.const_obj_frozentest_0
                0x0000000000005d80       0x30 /usr/lib/gcc/x86_64-linux-gnu/11/../../../x86_64-linux-gnu/Scrt1.o
 .rela.data.rel.ro.local.raw_code_frozentest__lt_module_gt_
                0x0000000000005db0       0x18 /usr/lib/gcc/x86_64-linux-gnu/11/../../../x86_64-linux-gnu/Scrt1.o
 .rela.data.rel.ro.mp_qstr_frozen_const_pool
                0x0000000000005dc8       0x90 /usr/lib/gcc/x86_64-linux-gnu/11/../../../x86_64-linux-gnu/Scrt1.o
 *(.rela.tdata .rela.tdata.* .rela.gnu.linkonce.td.*)
 *(.rela.tbss .rela.tbss.* .rela.gnu.linkonce.tb.*)
 *(.rela.ctors)
 *(.rela.dtors)
 *(.rela.got)
 .rela.got      0x0000000000005e58       0xc0 /usr/lib/gcc/x86_64-linux-gnu/11/../../../x86_64-linux-gnu/Scrt1.o
 *(.rela.bss .rela.bss.* .rela.gnu.linkonce.b.*)
 .rela.bss      0x0000000000005f18        0x0 /usr/lib/gcc/x86_64-linux-gnu/11/../../../x86_64-linux-gnu/Scrt1.o
 *(.rela.ldata .rela.ldata.* .rela.gnu.linkonce.l.*)
 *(.rela.lbss .rela.lbss.* .rela.gnu.linkonce.lb.*)
 *(.rela.lrodata .rela.lrodata.* .rela.gnu.linkonce.lr.*)
 *(.rela.ifunc)
 .rela.ifunc    0x0000000000005f18        0x0 /usr/lib/gcc/x86_64-linux-gnu/11/../../../x86_64-linux-gnu/Scrt1.o
 .rela.fini_array
                0x0000000000005f18       0x18 /usr/lib/gcc/x86_64-linux-gnu/11/../../../x86_64-linux-gnu/Scrt1.o
 .rela.init_array
                0x0000000000005f30       0x18 /usr/lib/gcc/x86_64-linux-gnu/11/../../../x86_64-linux-gnu/Scrt1.o

.rela.plt       0x0000000000005f48      0x108
 *(.rela.plt)
 .rela.plt      0x0000000000005f48      0x108 /usr/lib/gcc/x86_64-linux-gnu/11/../../../x86_64-linux-gnu/Scrt1.o
 *(.rela.iplt)

.relr.dyn
 *(.relr.dyn)
                0x0000000000007000                . = ALIGN (CONSTANT (MAXPAGESIZE))

.init           0x0000000000007000       0x1b
 *(SORT_NONE(.init))
 .init          0x0000000000007000       0x16 /usr/lib/gcc/x86_64-linux-gnu/11/../../../x86_64-linux-gnu/crti.o
                0x0000000000007000                _init
 .init          0x0000000000007016        0x5 /usr/lib/gcc/x86_64-linux-gnu/11/../../../x86_64-linux-gnu/crtn.o

.plt            0x0000000000007020       0xc0
 *(.plt)
 .plt           0x0000000000007020       0xc0 /usr/lib/gcc/x86_64-linux-gnu/11/../../../x86_64-linux-gnu/Scrt1.o
 *(.iplt)

.plt.got        0x00000000000070e0       0x10
 *(.plt.got)
 .plt.got       0x00000000000070e0       0x10 /usr/lib/gcc/x86_64-linux-gnu/11/../../../x86_64-linux-gnu/Scrt1.o
                0x00000000000070e0                __cxa_finalize@@GLIBC_2.2.5

.plt.sec        0x00000000000070f0       0xb0
 *(.plt.sec)
 .plt.sec       0x00000000000070f0       0xb0 /usr/lib/gcc/x86_64-linux-gnu/11/../../../x86_64-linux-gnu/Scrt1.o
                0x00000000000070f0                __snprintf_chk@@GLIBC_2.3.4
                0x0000000000007100                strncmp@@GLIBC_2.2.5
                0x0000000000007110                write@@GLIBC_2.2.5
                0x0000000000007120                strlen@@GLIBC_2.2.5
                0x0000000000007130                __stack_chk_fail@@GLIBC_2.4
                0x0000000000007140                strchr@@GLIBC_2.2.5
                0x0000000000007150                read@@GLIBC_2.2.5
                0x0000000000007160                memcmp@@GLIBC_2.2.5
                0x0000000000007170                strcmp@@GLIBC_2.2.5
                0x0000000000007180                __memcpy_chk@@GLIBC_2.3.4
                0x0000000000007190                memmove@@GLIBC_2.2.5

.text           0x00000000000071a0    0x157cb
 *(.text.unlikely .text.*_unlikely .text.unlikely.*)
 *(.text.exit .text.exit.*)
 *(.text.startup .text.startup.*)
 .text.startup.main
                0x00000000000071a0       0x62 build/main.o
                0x00000000000071a0                main
 *(.text.hot .text.hot.*)
 *(SORT_BY_NAME(.text.sorted.*))
 *(.text .stub .text.* .gnu.linkonce.t.*)
 *fill*         0x0000000000007202        0xe 
 .text          0x0000000000007210       0x26 /usr/lib/gcc/x86_64-linux-gnu/11/../../../x86_64-linux-gnu/Scrt1.o
                0x0000000000007210                _start
 *fill*         0x0000000000007236        0xa 
 .text          0x0000000000007240       0xb9 /usr/lib/gcc/x86_64-linux-gnu/11/crtbeginS.o
 .text.nlr_push_tail
                0x00000000000072f9       0x18 build/py/nlr.o
                0x00000000000072f9                nlr_push_tail
 .text.nlr_pop  0x0000000000007311       0x16 build/py/nlr.o
                0x0000000000007311                nlr_pop
 .text.nlr_push
                0x0000000000007327       0x30 build/py/nlrx64.o
                0x0000000000007327                nlr_push
 .text.nlr_jump
                0x0000000000007357       0x53 build/py/nlrx64.o
                0x0000000000007357                nlr_jump
 .text.m_malloc
                0x00000000000073aa       0x2d build/py/malloc.o
                0x00000000000073aa                m_malloc
 .text.m_malloc_maybe
                0x00000000000073d7        0xb build/py/malloc.o
                0x00000000000073d7                m_malloc_maybe
 .text.m_malloc0
                0x00000000000073e2        0x9 build/py/malloc.o
                0x00000000000073e2                m_malloc0
 .text.m_realloc
                0x00000000000073eb       0x26 build/py/malloc.o
                0x00000000000073eb                m_realloc
 .text.m_realloc_maybe
                0x0000000000007411        0xc build/py/malloc.o
                0x0000000000007411                m_realloc_maybe
 .text.m_free   0x000000000000741d        0x9 build/py/malloc.o
                0x000000000000741d                m_free
 .text.gc_mark_subtree
                0x0000000000007426       0xea build/py/gc.o
 .text.gc_init  0x0000000000007510       0x6a build/py/gc.o
                0x0000000000007510                gc_init
 .text.gc_is_locked
                0x000000000000757a       0x10 build/py/gc.o
                0x000000000000757a                gc_is_locked
 .text.gc_collect_root
                0x000000000000758a       0x82 build/py/gc.o
                0x000000000000758a                gc_collect_root
 .text.gc_collect_start
                0x000000000000760c       0x26 build/py/gc.o
                0x000000000000760c                gc_collect_start
 .text.gc_collect_end
                0x0000000000007632       0xea build/py/gc.o
                0x0000000000007632                gc_collect_end
 .text.gc_info  0x000000000000771c      0x152 build/py/gc.o
                0x000000000000771c                gc_info
 .text.gc_alloc
                0x000000000000786e      0x157 build/py/gc.o
                0x000000000000786e                gc_alloc
 .text.gc_free  0x00000000000079c5       0x80 build/py/gc.o
                0x00000000000079c5                gc_free
 .text.gc_realloc
                0x0000000000007a45      0x1b3 build/py/gc.o
                0x0000000000007a45                gc_realloc
 .text.gc_dump_info
                0x0000000000007bf8       0x7e build/py/gc.o
                0x0000000000007bf8                gc_dump_info
 .text.find_qstr
                0x0000000000007c76       0x1f build/py/qstr.o
 .text.qstr_compute_hash
                0x0000000000007c95       0x30 build/py/qstr.o
                0x0000000000007c95                qstr_compute_hash
 .text.qstr_init
                0x0000000000007cc5       0x1e build/py/qstr.o
                0x0000000000007cc5                qstr_init
 .text.qstr_find_strn
                0x0000000000007ce3       0x84 build/py/qstr.o
                0x0000000000007ce3                qstr_find_strn
 .text.qstr_from_strn
                0x0000000000007d67      0x1ec build/py/qstr.o
                0x0000000000007d67                qstr_from_strn
 .text.qstr_hash
                0x0000000000007f53       0x1f build/py/qstr.o
                0x0000000000007f53                qstr_hash
 .text.qstr_len
                0x0000000000007f72       0x1f build/py/qstr.o
                0x0000000000007f72                qstr_len
 .text.qstr_str
                0x0000000000007f91       0x1c build/py/qstr.o
                0x0000000000007f91                qstr_str
 .text.qstr_data
                0x0000000000007fad       0x27 build/py/qstr.o
                0x0000000000007fad                qstr_data
 .text.mp_decompress_rom_string
                0x0000000000007fd4       0x80 build/py/qstr.o
                0x0000000000007fd4                mp_decompress_rom_string
 .text.vstr_ensure_extra
                0x0000000000008054       0x47 build/py/vstr.o
 .text.vstr_add_strn
                0x000000000000809b       0x35 build/py/vstr.o
                0x000000000000809b                vstr_add_strn
 .text.vstr_ins_blank_bytes.constprop.0
                0x00000000000080d0       0x47 build/py/vstr.o
 .text.vstr_init
                0x0000000000008117       0x31 build/py/vstr.o
                0x0000000000008117                vstr_init
 .text.vstr_init_len
                0x0000000000008148       0x1e build/py/vstr.o
                0x0000000000008148                vstr_init_len
 .text.vstr_init_fixed_buf
                0x0000000000008166       0x18 build/py/vstr.o
                0x0000000000008166                vstr_init_fixed_buf
 .text.vstr_init_print
                0x000000000000817e       0x24 build/py/vstr.o
                0x000000000000817e                vstr_init_print
 .text.vstr_clear
                0x00000000000081a2       0x21 build/py/vstr.o
                0x00000000000081a2                vstr_clear
 .text.vstr_extend
                0x00000000000081c3       0x44 build/py/vstr.o
                0x00000000000081c3                vstr_extend
 .text.vstr_add_len
                0x0000000000008207       0x2b build/py/vstr.o
                0x0000000000008207                vstr_add_len
 .text.vstr_null_terminated_str
                0x0000000000008232       0x2d build/py/vstr.o
                0x0000000000008232                vstr_null_terminated_str
 .text.vstr_add_byte
                0x000000000000825f       0x15 build/py/vstr.o
                0x000000000000825f                vstr_add_byte
 .text.vstr_add_char
                0x0000000000008274        0xd build/py/vstr.o
                0x0000000000008274                vstr_add_char
 .text.vstr_add_str
                0x0000000000008281       0x30 build/py/vstr.o
                0x0000000000008281                vstr_add_str
 .text.vstr_ins_byte
                0x00000000000082b1       0x10 build/py/vstr.o
                0x00000000000082b1                vstr_ins_byte
 .text.vstr_ins_char
                0x00000000000082c1       0x10 build/py/vstr.o
                0x00000000000082c1                vstr_ins_char
 .text.vstr_cut_tail_bytes
                0x00000000000082d1       0x1a build/py/vstr.o
                0x00000000000082d1                vstr_cut_tail_bytes
 .text.vstr_cut_out_bytes
                0x00000000000082eb       0x43 build/py/vstr.o
                0x00000000000082eb                vstr_cut_out_bytes
 .text.plat_print_strn
                0x000000000000832e        0xf build/py/mpprint.o
 .text.mp_print_str
                0x000000000000833d       0x3a build/py/mpprint.o
                0x000000000000833d                mp_print_str
 .text.mp_print_strn
                0x0000000000008377      0x111 build/py/mpprint.o
                0x0000000000008377                mp_print_strn
 .text.mp_print_int
                0x0000000000008488      0x144 build/py/mpprint.o
 .text.mp_print_mp_int
                0x00000000000085cc      0x330 build/py/mpprint.o
                0x00000000000085cc                mp_print_mp_int
 .text.mp_vprintf
                0x00000000000088fc      0x447 build/py/mpprint.o
                0x00000000000088fc                mp_vprintf
 .text.mp_printf
                0x0000000000008d43       0xb5 build/py/mpprint.o
                0x0000000000008d43                mp_printf
 .text.unichar_isspace
                0x0000000000008df8       0x20 build/py/unicode.o
                0x0000000000008df8                unichar_isspace
 .text.unichar_isalpha
                0x0000000000008e18       0x21 build/py/unicode.o
                0x0000000000008e18                unichar_isalpha
 .text.unichar_isdigit
                0x0000000000008e39       0x21 build/py/unicode.o
                0x0000000000008e39                unichar_isdigit
 .text.unichar_isxdigit
                0x0000000000008e5a       0x21 build/py/unicode.o
                0x0000000000008e5a                unichar_isxdigit
 .text.unichar_isident
                0x0000000000008e7b       0x2a build/py/unicode.o
                0x0000000000008e7b                unichar_isident
 .text.unichar_isupper
                0x0000000000008ea5       0x21 build/py/unicode.o
                0x0000000000008ea5                unichar_isupper
 .text.unichar_islower
                0x0000000000008ec6       0x21 build/py/unicode.o
                0x0000000000008ec6                unichar_islower
 .text.unichar_tolower
                0x0000000000008ee7       0x18 build/py/unicode.o
                0x0000000000008ee7                unichar_tolower
 .text.unichar_toupper
                0x0000000000008eff       0x18 build/py/unicode.o
                0x0000000000008eff                unichar_toupper
 .text.unichar_xdigit_value
                0x0000000000008f17       0x16 build/py/unicode.o
                0x0000000000008f17                unichar_xdigit_value
 .text.mp_reader_mem_readbyte
                0x0000000000008f2d       0x22 build/py/reader.o
 .text.mp_reader_mem_close
                0x0000000000008f4f       0x20 build/py/reader.o
 .text.mp_reader_new_mem
                0x0000000000008f6f       0x55 build/py/reader.o
                0x0000000000008f6f                mp_reader_new_mem
 .text.next_char
                0x0000000000008fc4       0x81 build/py/lexer.o
 .text.skip_whitespace
                0x0000000000009045       0x7f build/py/lexer.o
 .text.is_string_or_bytes
                0x00000000000090c4       0x63 build/py/lexer.o
 .text.mp_lexer_to_next
                0x0000000000009127      0x77a build/py/lexer.o
                0x0000000000009127                mp_lexer_to_next
 .text.mp_lexer_new
                0x00000000000098a1       0xda build/py/lexer.o
                0x00000000000098a1                mp_lexer_new
 .text.mp_lexer_new_from_str_len
                0x000000000000997b       0x58 build/py/lexer.o
                0x000000000000997b                mp_lexer_new_from_str_len
 .text.mp_lexer_free
                0x00000000000099d3       0x33 build/py/lexer.o
                0x00000000000099d3                mp_lexer_free
 .text.pop_result
                0x0000000000009a06       0x14 build/py/parse.o
 .text.parser_alloc
                0x0000000000009a1a       0xa6 build/py/parse.o
 .text.push_result_node
                0x0000000000009ac0       0x45 build/py/parse.o
 .text.push_rule
                0x0000000000009b05       0x79 build/py/parse.o
 .text.push_rule_from_arg
                0x0000000000009b7e       0x13 build/py/parse.o
 .text.push_result_token.constprop.0
                0x0000000000009b91      0x130 build/py/parse.o
 .text.push_result_rule
                0x0000000000009cc1       0xf8 build/py/parse.o
 .text.mp_parse_node_is_const_false
                0x0000000000009db9       0x26 build/py/parse.o
                0x0000000000009db9                mp_parse_node_is_const_false
 .text.mp_parse_node_is_const_true
                0x0000000000009ddf       0x26 build/py/parse.o
                0x0000000000009ddf                mp_parse_node_is_const_true
 .text.mp_parse_node_extract_list
                0x0000000000009e05       0x34 build/py/parse.o
                0x0000000000009e05                mp_parse_node_extract_list
 .text.mp_parse
                0x0000000000009e39      0x5cf build/py/parse.o
                0x0000000000009e39                mp_parse
 .text.mp_parse_tree_clear
                0x000000000000a408       0x22 build/py/parse.o
                0x000000000000a408                mp_parse_tree_clear
 .text.scope_new
                0x000000000000a42a       0x7d build/py/scope.o
                0x000000000000a42a                scope_new
 .text.scope_free
                0x000000000000a4a7       0x1a build/py/scope.o
                0x000000000000a4a7                scope_free
 .text.scope_find
                0x000000000000a4c1       0x28 build/py/scope.o
                0x000000000000a4c1                scope_find
 .text.scope_find_or_add_id
                0x000000000000a4e9       0x6f build/py/scope.o
                0x000000000000a4e9                scope_find_or_add_id
 .text.scope_find_global
                0x000000000000a558       0x18 build/py/scope.o
                0x000000000000a558                scope_find_global
 .text.scope_check_to_close_over
                0x000000000000a570       0x68 build/py/scope.o
                0x000000000000a570                scope_check_to_close_over
 .text.apply_to_single_or_list
                0x000000000000a5d8       0x67 build/py/compile.o
 .text.compile_del_stmt
                0x000000000000a63f       0x19 build/py/compile.o
 .text.compile_import_name
                0x000000000000a658       0x19 build/py/compile.o
 .text.scope_new_and_link
                0x000000000000a671       0x41 build/py/compile.o
 .text.compile_trailer_period
                0x000000000000a6b2       0x17 build/py/compile.o
 .text.compile_const_object
                0x000000000000a6c9       0x11 build/py/compile.o
 .text.close_over_variables_etc
                0x000000000000a6da       0xf7 build/py/compile.o
 .text.compile_funcdef_lambdef
                0x000000000000a7d1       0x83 build/py/compile.o
 .text.compile_lambdef
                0x000000000000a854       0x4c build/py/compile.o
 .text.compile_funcdef_helper
                0x000000000000a8a0       0x50 build/py/compile.o
 .text.compile_increase_except_level
                0x000000000000a8f0       0x28 build/py/compile.o
 .text.compile_decrease_except_level
                0x000000000000a918        0xd build/py/compile.o
 .text.do_import_name
                0x000000000000a925      0x1cf build/py/compile.o
 .text.compile_error_set_line
                0x000000000000aaf4       0x18 build/py/compile.o
 .text.compile_syntax_error
                0x000000000000ab0c       0x34 build/py/compile.o
 .text.compile_star_expr
                0x000000000000ab40       0x10 build/py/compile.o
 .text.compile_break_cont_stmt
                0x000000000000ab50       0x45 build/py/compile.o
 .text.compile_load_id
                0x000000000000ab95       0x2d build/py/compile.o
 .text.compile_store_id
                0x000000000000abc2       0x25 build/py/compile.o
 .text.compile_funcdef
                0x000000000000abe7       0x2b build/py/compile.o
 .text.compile_import_from
                0x000000000000ac12      0x1dd build/py/compile.o
 .text.compile_dotted_as_name
                0x000000000000adef       0x70 build/py/compile.o
 .text.compile_delete_id
                0x000000000000ae5f       0x25 build/py/compile.o
 .text.compile_node
                0x000000000000ae84       0x9b build/py/compile.o
 .text.c_assign
                0x000000000000af1f      0x237 build/py/compile.o
 .text.c_assign_tuple
                0x000000000000b156       0xb6 build/py/compile.o
 .text.compile_yield_expr
                0x000000000000b20c       0x8e build/py/compile.o
 .text.compile_dictorsetmaker_item
                0x000000000000b29a       0x2d build/py/compile.o
 .text.compile_trailer_bracket
                0x000000000000b2c7       0x1d build/py/compile.o
 .text.compile_yield_stmt
                0x000000000000b2e4       0x1b build/py/compile.o
 .text.compile_return_stmt
                0x000000000000b2ff       0x30 build/py/compile.o
 .text.c_del_stmt
                0x000000000000b32f      0x162 build/py/compile.o
 .text.compile_generic_tuple
                0x000000000000b491       0x46 build/py/compile.o
 .text.compile_generic_all_nodes
                0x000000000000b4d7       0x63 build/py/compile.o
 .text.compile_power
                0x000000000000b53a       0x1c build/py/compile.o
 .text.compile_comprehension
                0x000000000000b556       0x6e build/py/compile.o
 .text.compile_atom_paren
                0x000000000000b5c4       0x45 build/py/compile.o
 .text.compile_atom_bracket
                0x000000000000b609       0x8f build/py/compile.o
 .text.compile_trailer_paren_helper
                0x000000000000b698      0x1d4 build/py/compile.o
 .text.compile_classdef_helper
                0x000000000000b86c       0x81 build/py/compile.o
 .text.compile_classdef
                0x000000000000b8ed       0x2b build/py/compile.o
 .text.compile_trailer_paren
                0x000000000000b918       0x11 build/py/compile.o
 .text.compile_decorated
                0x000000000000b929      0x19a build/py/compile.o
 .text.compile_funcdef_lambdef_param
                0x000000000000bac3       0xff build/py/compile.o
 .text.compile_atom_expr_normal
                0x000000000000bbc2      0x1c1 build/py/compile.o
 .text.compile_term
                0x000000000000bd83       0x5f build/py/compile.o
 .text.compile_binary_op
                0x000000000000bde2       0x5b build/py/compile.o
 .text.compile_expr_stmt
                0x000000000000be3d      0x1c0 build/py/compile.o
 .text.compile_factor_2
                0x000000000000bffd       0x37 build/py/compile.o
 .text.compile_not_test_2
                0x000000000000c034       0x20 build/py/compile.o
 .text.compile_or_and_test
                0x000000000000c054       0x8e build/py/compile.o
 .text.compile_comparison
                0x000000000000c0e2      0x13e build/py/compile.o
 .text.compile_for_stmt
                0x000000000000c220      0x445 build/py/compile.o
 .text.compile_with_stmt_helper
                0x000000000000c665       0xc5 build/py/compile.o
 .text.compile_with_stmt
                0x000000000000c72a       0x60 build/py/compile.o
 .text.compile_try_except
                0x000000000000c78a      0x23f build/py/compile.o
 .text.compile_try_finally
                0x000000000000c9c9       0xb5 build/py/compile.o
 .text.compile_try_stmt
                0x000000000000ca7e       0xe2 build/py/compile.o
 .text.compile_raise_stmt
                0x000000000000cb60       0x63 build/py/compile.o
 .text.c_if_cond
                0x000000000000cbc3      0x19c build/py/compile.o
 .text.compile_scope_comp_iter
                0x000000000000cd5f      0x117 build/py/compile.o
 .text.compile_scope
                0x000000000000ce76      0x2a2 build/py/compile.o
 .text.compile_while_stmt
                0x000000000000d118       0xdf build/py/compile.o
 .text.compile_if_stmt
                0x000000000000d1f7      0x16e build/py/compile.o
 .text.compile_test_if_expr
                0x000000000000d365       0x7f build/py/compile.o
 .text.compile_assert_stmt
                0x000000000000d3e4       0x86 build/py/compile.o
 .text.compile_global_nonlocal_stmt
                0x000000000000d46a      0x153 build/py/compile.o
 .text.compile_scope_func_lambda_param.constprop.0
                0x000000000000d5bd       0xdc build/py/compile.o
 .text.compile_scope_func_param
                0x000000000000d699       0x13 build/py/compile.o
 .text.compile_scope_lambda_param
                0x000000000000d6ac       0x13 build/py/compile.o
 .text.compile_atom_brace
                0x000000000000d6bf      0x1b3 build/py/compile.o
 .text.mp_compile
                0x000000000000d872      0x483 build/py/compile.o
                0x000000000000d872                mp_compile
 .text.strictly_equal
                0x000000000000dcf5       0x7a build/py/emitcommon.o
 .text.mp_emit_common_use_qstr
                0x000000000000dd6f       0x51 build/py/emitcommon.o
                0x000000000000dd6f                mp_emit_common_use_qstr
 .text.mp_emit_common_use_const_obj
                0x000000000000ddc0       0x52 build/py/emitcommon.o
                0x000000000000ddc0                mp_emit_common_use_const_obj
 .text.mp_emit_common_get_id_for_modification
                0x000000000000de12       0x26 build/py/emitcommon.o
                0x000000000000de12                mp_emit_common_get_id_for_modification
 .text.mp_emit_common_id_op
                0x000000000000de38       0x73 build/py/emitcommon.o
                0x000000000000de38                mp_emit_common_id_op
 .text.emit_get_cur_to_write_code_info
                0x000000000000deab       0x1f build/py/emitbc.o
 .text.emit_get_cur_to_write_bytecode
                0x000000000000deca       0x2c build/py/emitbc.o
 .text.emit_write_bytecode_raw_byte
                0x000000000000def6        0xf build/py/emitbc.o
 .text.emit_bc_new
                0x000000000000df05       0x18 build/py/emitbc.o
                0x000000000000df05                emit_bc_new
 .text.emit_bc_set_max_num_labels
                0x000000000000df1d       0x1f build/py/emitbc.o
                0x000000000000df1d                emit_bc_set_max_num_labels
 .text.emit_bc_free
                0x000000000000df3c       0x1a build/py/emitbc.o
                0x000000000000df3c                emit_bc_free
 .text.mp_emit_bc_start_pass
                0x000000000000df56      0x201 build/py/emitbc.o
                0x000000000000df56                mp_emit_bc_start_pass
 .text.mp_emit_bc_end_pass
                0x000000000000e157       0xe5 build/py/emitbc.o
                0x000000000000e157                mp_emit_bc_end_pass
 .text.mp_emit_bc_adjust_stack_size
                0x000000000000e23c       0x21 build/py/emitbc.o
                0x000000000000e23c                mp_emit_bc_adjust_stack_size
 .text.emit_write_bytecode_byte
                0x000000000000e25d       0x17 build/py/emitbc.o
 .text.emit_write_bytecode_byte_uint
                0x000000000000e274       0x1c build/py/emitbc.o
 .text.emit_write_bytecode_byte_qstr
                0x000000000000e290       0x2d build/py/emitbc.o
 .text.mp_emit_bc_load_global
                0x000000000000e2bd       0x17 build/py/emitbc.o
                0x000000000000e2bd                mp_emit_bc_load_global
 .text.mp_emit_bc_store_global
                0x000000000000e2d4       0x15 build/py/emitbc.o
                0x000000000000e2d4                mp_emit_bc_store_global
 .text.mp_emit_bc_delete_global
                0x000000000000e2e9       0x14 build/py/emitbc.o
                0x000000000000e2e9                mp_emit_bc_delete_global
 .text.emit_write_bytecode_byte_child
                0x000000000000e2fd       0x2c build/py/emitbc.o
 .text.mp_emit_bc_delete_local
                0x000000000000e329       0x17 build/py/emitbc.o
                0x000000000000e329                mp_emit_bc_delete_local
 .text.emit_bc_call_function_method_helper
                0x000000000000e340       0x1e build/py/emitbc.o
 .text.mp_emit_bc_load_local
                0x000000000000e35e       0x34 build/py/emitbc.o
                0x000000000000e35e                mp_emit_bc_load_local
 .text.mp_emit_bc_store_local
                0x000000000000e392       0x30 build/py/emitbc.o
                0x000000000000e392                mp_emit_bc_store_local
 .text.emit_write_bytecode_byte_label
                0x000000000000e3c2       0xb4 build/py/emitbc.o
 .text.mp_emit_bc_set_source_line
                0x000000000000e476        0x5 build/py/emitbc.o
                0x000000000000e476                mp_emit_bc_set_source_line
 .text.mp_emit_bc_label_assign
                0x000000000000e47b       0x25 build/py/emitbc.o
                0x000000000000e47b                mp_emit_bc_label_assign
 .text.mp_emit_bc_import
                0x000000000000e4a0       0x33 build/py/emitbc.o
                0x000000000000e4a0                mp_emit_bc_import
 .text.mp_emit_bc_load_const_tok
                0x000000000000e4d3       0x45 build/py/emitbc.o
                0x000000000000e4d3                mp_emit_bc_load_const_tok
 .text.mp_emit_bc_load_const_small_int
                0x000000000000e518       0xef build/py/emitbc.o
                0x000000000000e518                mp_emit_bc_load_const_small_int
 .text.mp_emit_bc_load_const_str
                0x000000000000e607       0x16 build/py/emitbc.o
                0x000000000000e607                mp_emit_bc_load_const_str
 .text.mp_emit_bc_load_const_obj
                0x000000000000e61d       0x27 build/py/emitbc.o
                0x000000000000e61d                mp_emit_bc_load_const_obj
 .text.mp_emit_bc_load_null
                0x000000000000e644       0x13 build/py/emitbc.o
                0x000000000000e644                mp_emit_bc_load_null
 .text.mp_emit_bc_load_method
                0x000000000000e657       0x1f build/py/emitbc.o
                0x000000000000e657                mp_emit_bc_load_method
 .text.mp_emit_bc_load_build_class
                0x000000000000e676       0x13 build/py/emitbc.o
                0x000000000000e676                mp_emit_bc_load_build_class
 .text.mp_emit_bc_dup_top
                0x000000000000e689       0x13 build/py/emitbc.o
                0x000000000000e689                mp_emit_bc_dup_top
 .text.mp_emit_bc_dup_top_two
                0x000000000000e69c       0x13 build/py/emitbc.o
                0x000000000000e69c                mp_emit_bc_dup_top_two
 .text.mp_emit_bc_pop_top
                0x000000000000e6af       0x11 build/py/emitbc.o
                0x000000000000e6af                mp_emit_bc_pop_top
 .text.mp_emit_bc_rot_two
                0x000000000000e6c0       0x10 build/py/emitbc.o
                0x000000000000e6c0                mp_emit_bc_rot_two
 .text.mp_emit_bc_attr
                0x000000000000e6d0       0x50 build/py/emitbc.o
                0x000000000000e6d0                mp_emit_bc_attr
 .text.mp_emit_bc_rot_three
                0x000000000000e720       0x10 build/py/emitbc.o
                0x000000000000e720                mp_emit_bc_rot_three
 .text.mp_emit_bc_subscr
                0x000000000000e730       0x30 build/py/emitbc.o
                0x000000000000e730                mp_emit_bc_subscr
 .text.mp_emit_bc_jump
                0x000000000000e760       0x18 build/py/emitbc.o
                0x000000000000e760                mp_emit_bc_jump
 .text.mp_emit_bc_pop_jump_if
                0x000000000000e778       0x1e build/py/emitbc.o
                0x000000000000e778                mp_emit_bc_pop_jump_if
 .text.mp_emit_bc_jump_if_or_pop
                0x000000000000e796       0x1e build/py/emitbc.o
                0x000000000000e796                mp_emit_bc_jump_if_or_pop
 .text.mp_emit_bc_unwind_jump
                0x000000000000e7b4       0x78 build/py/emitbc.o
                0x000000000000e7b4                mp_emit_bc_unwind_jump
 .text.mp_emit_bc_setup_block
                0x000000000000e82c       0x21 build/py/emitbc.o
                0x000000000000e82c                mp_emit_bc_setup_block
 .text.mp_emit_bc_with_cleanup
                0x000000000000e84d       0x42 build/py/emitbc.o
                0x000000000000e84d                mp_emit_bc_with_cleanup
 .text.mp_emit_bc_end_finally
                0x000000000000e88f       0x11 build/py/emitbc.o
                0x000000000000e88f                mp_emit_bc_end_finally
 .text.mp_emit_bc_get_iter
                0x000000000000e8a0       0x20 build/py/emitbc.o
                0x000000000000e8a0                mp_emit_bc_get_iter
 .text.mp_emit_bc_for_iter
                0x000000000000e8c0       0x16 build/py/emitbc.o
                0x000000000000e8c0                mp_emit_bc_for_iter
 .text.mp_emit_bc_for_iter_end
                0x000000000000e8d6       0x10 build/py/emitbc.o
                0x000000000000e8d6                mp_emit_bc_for_iter_end
 .text.mp_emit_bc_pop_except_jump
                0x000000000000e8e6       0x18 build/py/emitbc.o
                0x000000000000e8e6                mp_emit_bc_pop_except_jump
 .text.mp_emit_bc_unary_op
                0x000000000000e8fe       0x11 build/py/emitbc.o
                0x000000000000e8fe                mp_emit_bc_unary_op
 .text.mp_emit_bc_binary_op
                0x000000000000e90f       0x44 build/py/emitbc.o
                0x000000000000e90f                mp_emit_bc_binary_op
 .text.mp_emit_bc_build
                0x000000000000e953       0x1e build/py/emitbc.o
                0x000000000000e953                mp_emit_bc_build
 .text.mp_emit_bc_store_map
                0x000000000000e971       0x13 build/py/emitbc.o
                0x000000000000e971                mp_emit_bc_store_map
 .text.mp_emit_bc_store_comp
                0x000000000000e984       0x2c build/py/emitbc.o
                0x000000000000e984                mp_emit_bc_store_comp
 .text.mp_emit_bc_unpack_sequence
                0x000000000000e9b0       0x14 build/py/emitbc.o
                0x000000000000e9b0                mp_emit_bc_unpack_sequence
 .text.mp_emit_bc_unpack_ex
                0x000000000000e9c4       0x1a build/py/emitbc.o
                0x000000000000e9c4                mp_emit_bc_unpack_ex
 .text.mp_emit_bc_make_function
                0x000000000000e9de       0x29 build/py/emitbc.o
                0x000000000000e9de                mp_emit_bc_make_function
 .text.mp_emit_bc_make_closure
                0x000000000000ea07       0x4a build/py/emitbc.o
                0x000000000000ea07                mp_emit_bc_make_closure
 .text.mp_emit_bc_call_function
                0x000000000000ea51       0x19 build/py/emitbc.o
                0x000000000000ea51                mp_emit_bc_call_function
 .text.mp_emit_bc_call_method
                0x000000000000ea6a       0x1a build/py/emitbc.o
                0x000000000000ea6a                mp_emit_bc_call_method
 .text.mp_emit_bc_return_value
                0x000000000000ea84       0x16 build/py/emitbc.o
                0x000000000000ea84                mp_emit_bc_return_value
 .text.mp_emit_bc_raise_varargs
                0x000000000000ea9a       0x16 build/py/emitbc.o
                0x000000000000ea9a                mp_emit_bc_raise_varargs
 .text.mp_emit_bc_yield
                0x000000000000eab0       0x1b build/py/emitbc.o
                0x000000000000eab0                mp_emit_bc_yield
 .text.mp_emit_bc_start_except_handler
                0x000000000000eacb        0xe build/py/emitbc.o
                0x000000000000eacb                mp_emit_bc_start_except_handler
 .text.mp_emit_bc_end_except_handler
                0x000000000000ead9       0x10 build/py/emitbc.o
                0x000000000000ead9                mp_emit_bc_end_except_handler
 .text.mp_parse_num_base
                0x000000000000eae9       0x9e build/py/parsenumbase.o
                0x000000000000eae9                mp_parse_num_base
 .text.raise_exc
                0x000000000000eb87       0x32 build/py/parsenum.o
 .text.mp_parse_num_integer
                0x000000000000ebb9      0x1a8 build/py/parsenum.o
                0x000000000000ebb9                mp_parse_num_integer
 .text.mp_parse_num_float
                0x000000000000ed61       0x26 build/py/parsenum.o
                0x000000000000ed61                mp_parse_num_float
 .text.mp_emit_glue_new_raw_code
                0x000000000000ed87       0x1b build/py/emitglue.o
                0x000000000000ed87                mp_emit_glue_new_raw_code
 .text.mp_emit_glue_assign_bytecode
                0x000000000000eda2       0x22 build/py/emitglue.o
                0x000000000000eda2                mp_emit_glue_assign_bytecode
 .text.mp_make_function_from_raw_code
                0x000000000000edc4       0x2f build/py/emitglue.o
                0x000000000000edc4                mp_make_function_from_raw_code
 .text.mp_make_closure_from_raw_code
                0x000000000000edf3       0x3d build/py/emitglue.o
                0x000000000000edf3                mp_make_closure_from_raw_code
 .text.type_get_iternext
                0x000000000000ee30       0x43 build/py/runtime.o
 .text.mp_init  0x000000000000ee73       0x67 build/py/runtime.o
                0x000000000000ee73                mp_init
 .text.mp_deinit
                0x000000000000eeda        0x5 build/py/runtime.o
                0x000000000000eeda                mp_deinit
 .text.mp_load_build_class
                0x000000000000eedf        0xc build/py/runtime.o
                0x000000000000eedf                mp_load_build_class
 .text.mp_store_name
                0x000000000000eeeb       0x1b build/py/runtime.o
                0x000000000000eeeb                mp_store_name
 .text.mp_delete_name
                0x000000000000ef06       0x18 build/py/runtime.o
                0x000000000000ef06                mp_delete_name
 .text.mp_store_global
                0x000000000000ef1e       0x1b build/py/runtime.o
                0x000000000000ef1e                mp_store_global
 .text.mp_delete_global
                0x000000000000ef39       0x18 build/py/runtime.o
                0x000000000000ef39                mp_delete_global
 .text.mp_convert_member_lookup
                0x000000000000ef51       0x75 build/py/runtime.o
                0x000000000000ef51                mp_convert_member_lookup
 .text.mp_load_method_maybe
                0x000000000000efc6       0xc1 build/py/runtime.o
                0x000000000000efc6                mp_load_method_maybe
 .text.mp_load_method_protected
                0x000000000000f087       0x90 build/py/runtime.o
                0x000000000000f087                mp_load_method_protected
 .text.mp_import_name
                0x000000000000f117       0x67 build/py/runtime.o
                0x000000000000f117                mp_import_name
 .text.mp_import_all
                0x000000000000f17e       0x60 build/py/runtime.o
                0x000000000000f17e                mp_import_all
 .text.mp_raise_msg
                0x000000000000f1de       0x20 build/py/runtime.o
                0x000000000000f1de                mp_raise_msg
 .text.mp_load_global
                0x000000000000f1fe       0x56 build/py/runtime.o
                0x000000000000f1fe                mp_load_global
 .text.mp_load_name
                0x000000000000f254       0x3f build/py/runtime.o
                0x000000000000f254                mp_load_name
 .text.mp_load_method
                0x000000000000f293       0x28 build/py/runtime.o
                0x000000000000f293                mp_load_method
 .text.mp_load_attr
                0x000000000000f2bb       0x55 build/py/runtime.o
                0x000000000000f2bb                mp_load_attr
 .text.mp_store_attr
                0x000000000000f310       0x8d build/py/runtime.o
                0x000000000000f310                mp_store_attr
 .text.mp_raise_msg_varg
                0x000000000000f39d       0xa2 build/py/runtime.o
                0x000000000000f39d                mp_raise_msg_varg
 .text.mp_import_from
                0x000000000000f43f      0x162 build/py/runtime.o
                0x000000000000f43f                mp_import_from
 .text.m_malloc_fail
                0x000000000000f5a1       0x34 build/py/runtime.o
                0x000000000000f5a1                m_malloc_fail
 .text.mp_raise_ValueError
                0x000000000000f5d5       0x16 build/py/runtime.o
                0x000000000000f5d5                mp_raise_ValueError
 .text.mp_raise_TypeError
                0x000000000000f5eb       0x16 build/py/runtime.o
                0x000000000000f5eb                mp_raise_TypeError
 .text.mp_unary_op
                0x000000000000f601      0x1ac build/py/runtime.o
                0x000000000000f601                mp_unary_op
 .text.mp_call_function_n_kw
                0x000000000000f7ad       0x59 build/py/runtime.o
                0x000000000000f7ad                mp_call_function_n_kw
 .text.mp_call_function_0
                0x000000000000f806        0xf build/py/runtime.o
                0x000000000000f806                mp_call_function_0
 .text.mp_parse_compile_execute
                0x000000000000f815       0xea build/py/runtime.o
                0x000000000000f815                mp_parse_compile_execute
 .text.mp_call_function_1
                0x000000000000f8ff       0x23 build/py/runtime.o
                0x000000000000f8ff                mp_call_function_1
 .text.mp_call_method_n_kw
                0x000000000000f922       0x2f build/py/runtime.o
                0x000000000000f922                mp_call_method_n_kw
 .text.mp_make_raise_obj
                0x000000000000f951       0x4a build/py/runtime.o
                0x000000000000f951                mp_make_raise_obj
 .text.mp_resume
                0x000000000000f99b      0x1ec build/py/runtime.o
                0x000000000000f99b                mp_resume
 .text.mp_getiter
                0x000000000000fb87      0x102 build/py/runtime.o
                0x000000000000fb87                mp_getiter
 .text.mp_iternext_allow_raise
                0x000000000000fc89       0xae build/py/runtime.o
                0x000000000000fc89                mp_iternext_allow_raise
 .text.mp_iternext
                0x000000000000fd37       0xfe build/py/runtime.o
                0x000000000000fd37                mp_iternext
 .text.mp_call_method_n_kw_var
                0x000000000000fe35      0x492 build/py/runtime.o
                0x000000000000fe35                mp_call_method_n_kw_var
 .text.mp_unpack_sequence
                0x00000000000102c7       0xea build/py/runtime.o
                0x00000000000102c7                mp_unpack_sequence
 .text.mp_unpack_ex
                0x00000000000103b1      0x1b9 build/py/runtime.o
                0x00000000000103b1                mp_unpack_ex
 .text.mp_binary_op
                0x000000000001056a      0x416 build/py/runtime.o
                0x000000000001056a                mp_binary_op
 .text.mp_raise_NotImplementedError
                0x0000000000010980       0x16 build/py/runtime.o
                0x0000000000010980                mp_raise_NotImplementedError
 .text.mp_raise_type_arg
                0x0000000000010996       0x35 build/py/runtime.o
                0x0000000000010996                mp_raise_type_arg
 .text.mp_raise_StopIteration
                0x00000000000109cb       0x20 build/py/runtime.o
                0x00000000000109cb                mp_raise_StopIteration
 .text.mp_raise_OSError
                0x00000000000109eb       0x1e build/py/runtime.o
                0x00000000000109eb                mp_raise_OSError
 .text.mp_handle_pending
                0x0000000000010a09       0x36 build/py/scheduler.o
                0x0000000000010a09                mp_handle_pending
 .text.mp_arg_error_terse_mismatch
                0x0000000000010a3f       0x13 build/py/argcheck.o
                0x0000000000010a3f                mp_arg_error_terse_mismatch
 .text.mp_arg_check_num_sig
                0x0000000000010a52       0x37 build/py/argcheck.o
                0x0000000000010a52                mp_arg_check_num_sig
 .text.mp_arg_parse_all
                0x0000000000010a89       0xe8 build/py/argcheck.o
                0x0000000000010a89                mp_arg_parse_all
 .text.mp_map_init
                0x0000000000010b71       0x36 build/py/map.o
                0x0000000000010b71                mp_map_init
 .text.mp_map_init_fixed_table
                0x0000000000010ba7       0x18 build/py/map.o
                0x0000000000010ba7                mp_map_init_fixed_table
 .text.mp_map_clear
                0x0000000000010bbf       0x35 build/py/map.o
                0x0000000000010bbf                mp_map_clear
 .text.mp_map_lookup
                0x0000000000010bf4      0x20e build/py/map.o
                0x0000000000010bf4                mp_map_lookup
 .text.mp_map_rehash
                0x0000000000010e02       0xac build/py/map.o
 .text.mp_obj_malloc_helper
                0x0000000000010eae       0x12 build/py/obj.o
                0x0000000000010eae                mp_obj_malloc_helper
 .text.mp_obj_get_type
                0x0000000000010ec0       0x1d build/py/obj.o
                0x0000000000010ec0                mp_obj_get_type
 .text.mp_obj_get_type_str
                0x0000000000010edd       0x14 build/py/obj.o
                0x0000000000010edd                mp_obj_get_type_str
 .text.mp_obj_print_helper
                0x0000000000010ef1       0x40 build/py/obj.o
                0x0000000000010ef1                mp_obj_print_helper
 .text.mp_obj_print_exception
                0x0000000000010f31      0x108 build/py/obj.o
                0x0000000000010f31                mp_obj_print_exception
 .text.mp_obj_is_callable
                0x0000000000011039       0x48 build/py/obj.o
                0x0000000000011039                mp_obj_is_callable
 .text.mp_obj_get_int
                0x0000000000011081       0x4f build/py/obj.o
                0x0000000000011081                mp_obj_get_int
 .text.mp_obj_get_int_truncated
                0x00000000000110d0       0x26 build/py/obj.o
                0x00000000000110d0                mp_obj_get_int_truncated
 .text.mp_obj_get_int_maybe
                0x00000000000110f6       0x52 build/py/obj.o
                0x00000000000110f6                mp_obj_get_int_maybe
 .text.mp_obj_get_array
                0x0000000000011148       0x3c build/py/obj.o
                0x0000000000011148                mp_obj_get_array
 .text.mp_get_index
                0x0000000000011184       0xb8 build/py/obj.o
                0x0000000000011184                mp_get_index
 .text.mp_obj_id
                0x000000000001123c       0x22 build/py/obj.o
                0x000000000001123c                mp_obj_id
 .text.mp_obj_len_maybe
                0x000000000001125e       0x75 build/py/obj.o
                0x000000000001125e                mp_obj_len_maybe
 .text.mp_obj_is_true
                0x00000000000112d3       0x6f build/py/obj.o
                0x00000000000112d3                mp_obj_is_true
 .text.mp_obj_equal_not_equal
                0x0000000000011342      0x17d build/py/obj.o
                0x0000000000011342                mp_obj_equal_not_equal
 .text.mp_obj_equal
                0x00000000000114bf       0x1e build/py/obj.o
                0x00000000000114bf                mp_obj_equal
 .text.mp_obj_len
                0x00000000000114dd       0x1d build/py/obj.o
                0x00000000000114dd                mp_obj_len
 .text.mp_obj_subscr
                0x00000000000114fa       0x61 build/py/obj.o
                0x00000000000114fa                mp_obj_subscr
 .text.mp_get_buffer
                0x000000000001155b       0x39 build/py/obj.o
                0x000000000001155b                mp_get_buffer
 .text.mp_get_buffer_raise
                0x0000000000011594       0x1c build/py/obj.o
                0x0000000000011594                mp_get_buffer_raise
 .text.mp_generic_unary_op
                0x00000000000115b0       0x14 build/py/obj.o
                0x00000000000115b0                mp_generic_unary_op
 .text.bool_binary_op
                0x00000000000115c4       0x1c build/py/objbool.o
 .text.bool_unary_op
                0x00000000000115e0       0x24 build/py/objbool.o
 .text.bool_print
                0x0000000000011604       0x1f build/py/objbool.o
 .text.bool_make_new
                0x0000000000011623       0x41 build/py/objbool.o
 .text.mp_call_method_self_n_kw
                0x0000000000011664      0x114 build/py/objboundmeth.o
                0x0000000000011664                mp_call_method_self_n_kw
 .text.bound_meth_call
                0x0000000000011778       0x1d build/py/objboundmeth.o
 .text.mp_obj_new_bound_meth
                0x0000000000011795       0x2a build/py/objboundmeth.o
                0x0000000000011795                mp_obj_new_bound_meth
 .text.mp_obj_new_cell
                0x00000000000117bf       0x1f build/py/objcell.o
                0x00000000000117bf                mp_obj_new_cell
 .text.closure_call
                0x00000000000117de      0x113 build/py/objclosure.o
 .text.mp_obj_new_closure
                0x00000000000118f1       0x4b build/py/objclosure.o
                0x00000000000118f1                mp_obj_new_closure
 .text.dict_view_getiter
                0x000000000001193c       0x28 build/py/objdict.o
 .text.dict_getiter
                0x0000000000011964       0x25 build/py/objdict.o
 .text.mp_ensure_not_fixed
                0x0000000000011989        0xf build/py/objdict.o
 .text.dict_values
                0x0000000000011998       0x26 build/py/objdict.o
 .text.dict_get_helper
                0x00000000000119be       0x82 build/py/objdict.o
 .text.dict_setdefault
                0x0000000000011a40        0xe build/py/objdict.o
 .text.dict_pop
                0x0000000000011a4e        0xe build/py/objdict.o
 .text.dict_get
                0x0000000000011a5c        0xb build/py/objdict.o
 .text.dict_clear
                0x0000000000011a67       0x1d build/py/objdict.o
 .text.dict_unary_op
                0x0000000000011a84       0x39 build/py/objdict.o
 .text.dict_iter_next
                0x0000000000011abd       0x2f build/py/objdict.o
 .text.dict_view_it_iternext
                0x0000000000011aec       0x7f build/py/objdict.o
 .text.dict_view_print
                0x0000000000011b6b       0xd8 build/py/objdict.o
 .text.dict_print
                0x0000000000011c43       0xc8 build/py/objdict.o
 .text.dict_popitem
                0x0000000000011d0b       0xa0 build/py/objdict.o
 .text.dict_binary_op
                0x0000000000011dab       0xe2 build/py/objdict.o
 .text.dict_view_binary_op
                0x0000000000011e8d       0x1b build/py/objdict.o
 .text.dict_items
                0x0000000000011ea8       0x26 build/py/objdict.o
 .text.dict_keys
                0x0000000000011ece       0x26 build/py/objdict.o
 .text.mp_obj_is_dict_or_ordereddict
                0x0000000000011ef4       0x32 build/py/objdict.o
                0x0000000000011ef4                mp_obj_is_dict_or_ordereddict
 .text.dict_update
                0x0000000000011f26      0x192 build/py/objdict.o
 .text.mp_obj_dict_get
                0x00000000000120b8       0x37 build/py/objdict.o
                0x00000000000120b8                mp_obj_dict_get
 .text.mp_obj_dict_init
                0x00000000000120ef       0x18 build/py/objdict.o
                0x00000000000120ef                mp_obj_dict_init
 .text.mp_obj_new_dict
                0x0000000000012107       0x31 build/py/objdict.o
                0x0000000000012107                mp_obj_new_dict
 .text.mp_obj_dict_make_new
                0x0000000000012138       0x98 build/py/objdict.o
                0x0000000000012138                mp_obj_dict_make_new
 .text.mp_obj_dict_copy
                0x00000000000121d0       0x55 build/py/objdict.o
                0x00000000000121d0                mp_obj_dict_copy
 .text.mp_obj_dict_len
                0x0000000000012225        0xd build/py/objdict.o
                0x0000000000012225                mp_obj_dict_len
 .text.mp_obj_dict_store
                0x0000000000012232       0x3e build/py/objdict.o
                0x0000000000012232                mp_obj_dict_store
 .text.mp_obj_dict_delete
                0x0000000000012270       0x5a build/py/objdict.o
                0x0000000000012270                mp_obj_dict_delete
 .text.dict_subscr
                0x00000000000122ca       0x55 build/py/objdict.o
 .text.mp_obj_exception_make_new
                0x000000000001231f       0x9c build/py/objexcept.o
                0x000000000001231f                mp_obj_exception_make_new
 .text.decompress_error_text_maybe
                0x00000000000123bb       0x98 build/py/objexcept.o
 .text.mp_obj_exception_print
                0x0000000000012453       0xbc build/py/objexcept.o
                0x0000000000012453                mp_obj_exception_print
 .text.exc_add_strn
                0x000000000001250f       0x88 build/py/objexcept.o
 .text.mp_obj_is_native_exception_instance
                0x0000000000012597       0x50 build/py/objexcept.o
                0x0000000000012597                mp_obj_is_native_exception_instance
 .text.get_native_exception
                0x00000000000125e7       0x19 build/py/objexcept.o
 .text.mp_obj_exception_get_value
                0x0000000000012600       0x31 build/py/objexcept.o
                0x0000000000012600                mp_obj_exception_get_value
 .text.mp_obj_exception_attr
                0x0000000000012631       0x6d build/py/objexcept.o
                0x0000000000012631                mp_obj_exception_attr
 .text.mp_obj_new_exception
                0x000000000001269e        0xf build/py/objexcept.o
                0x000000000001269e                mp_obj_new_exception
 .text.mp_obj_new_exception_msg
                0x00000000000126ad       0xb0 build/py/objexcept.o
                0x00000000000126ad                mp_obj_new_exception_msg
 .text.mp_obj_new_exception_msg_vlist
                0x000000000001275d      0x173 build/py/objexcept.o
                0x000000000001275d                mp_obj_new_exception_msg_vlist
 .text.mp_obj_is_exception_type
                0x00000000000128d0       0x3f build/py/objexcept.o
                0x00000000000128d0                mp_obj_is_exception_type
 .text.mp_obj_is_exception_instance
                0x000000000001290f       0x13 build/py/objexcept.o
                0x000000000001290f                mp_obj_is_exception_instance
 .text.mp_obj_exception_match
                0x0000000000012922       0x34 build/py/objexcept.o
                0x0000000000012922                mp_obj_exception_match
 .text.mp_obj_exception_add_traceback
                0x0000000000012956       0x95 build/py/objexcept.o
                0x0000000000012956                mp_obj_exception_add_traceback
 .text.mp_obj_exception_get_traceback
                0x00000000000129eb       0x2b build/py/objexcept.o
                0x00000000000129eb                mp_obj_exception_get_traceback
 .text.fun_builtin_0_call
                0x0000000000012a16       0x1c build/py/objfun.o
 .text.fun_builtin_1_call
                0x0000000000012a32       0x29 build/py/objfun.o
 .text.fun_builtin_2_call
                0x0000000000012a5b       0x2d build/py/objfun.o
 .text.fun_builtin_3_call
                0x0000000000012a88       0x31 build/py/objfun.o
 .text.fun_bc_call
                0x0000000000012ab9      0x1b1 build/py/objfun.o
 .text.fun_builtin_var_call
                0x0000000000012c6a       0xaa build/py/objfun.o
 .text.mp_obj_fun_get_name
                0x0000000000012d14       0x41 build/py/objfun.o
                0x0000000000012d14                mp_obj_fun_get_name
 .text.mp_obj_new_fun_bc
                0x0000000000012d55       0x9c build/py/objfun.o
                0x0000000000012d55                mp_obj_new_fun_bc
 .text.gen_wrap_call
                0x0000000000012df1       0xc0 build/py/objgenerator.o
 .text.gen_instance_print
                0x0000000000012eb1       0x33 build/py/objgenerator.o
 .text.mp_obj_gen_resume
                0x0000000000012ee4      0x100 build/py/objgenerator.o
                0x0000000000012ee4                mp_obj_gen_resume
 .text.gen_resume_and_raise
                0x0000000000012fe4       0x7a build/py/objgenerator.o
 .text.gen_instance_throw
                0x000000000001305e       0x2f build/py/objgenerator.o
 .text.gen_instance_send
                0x000000000001308d       0x10 build/py/objgenerator.o
 .text.gen_instance_iternext
                0x000000000001309d       0x12 build/py/objgenerator.o
 .text.gen_instance_close
                0x00000000000130af       0x93 build/py/objgenerator.o
 .text.it_iternext
                0x0000000000013142       0xa2 build/py/objgetitemiter.o
 .text.mp_obj_new_getitem_iter
                0x00000000000131e4       0x29 build/py/objgetitemiter.o
                0x00000000000131e4                mp_obj_new_getitem_iter
 .text.mp_obj_int_unary_op
                0x000000000001320d        0x7 build/py/objint.o
                0x000000000001320d                mp_obj_int_unary_op
 .text.int_to_bytes
                0x0000000000013214       0xc0 build/py/objint.o
 .text.mp_obj_int_make_new
                0x00000000000132d4      0x119 build/py/objint.o
 .text.mp_int_format_size
                0x00000000000133ed       0x5c build/py/objint.o
                0x00000000000133ed                mp_int_format_size
 .text.mp_obj_int_formatted
                0x0000000000013449      0x17e build/py/objint.o
                0x0000000000013449                mp_obj_int_formatted
 .text.mp_obj_int_print
                0x00000000000135c7       0x89 build/py/objint.o
                0x00000000000135c7                mp_obj_int_print
 .text.mp_obj_int_sign
                0x0000000000013650       0x1d build/py/objint.o
                0x0000000000013650                mp_obj_int_sign
 .text.mp_obj_new_int_from_str_len
                0x000000000001366d       0x1a build/py/objint.o
                0x000000000001366d                mp_obj_new_int_from_str_len
 .text.mp_obj_new_int_from_ll
                0x0000000000013687       0x1a build/py/objint.o
                0x0000000000013687                mp_obj_new_int_from_ll
 .text.mp_obj_new_int_from_uint
                0x00000000000136a1       0x2f build/py/objint.o
                0x00000000000136a1                mp_obj_new_int_from_uint
 .text.int_from_bytes
                0x00000000000136d0       0x85 build/py/objint.o
 .text.mp_obj_new_int
                0x0000000000013755       0x26 build/py/objint.o
                0x0000000000013755                mp_obj_new_int
 .text.mp_obj_int_get_truncated
                0x000000000001377b        0xb build/py/objint.o
                0x000000000001377b                mp_obj_int_get_truncated
 .text.mp_obj_int_get_checked
                0x0000000000013786        0xb build/py/objint.o
                0x0000000000013786                mp_obj_int_get_checked
 .text.mp_obj_int_binary_op_extra_cases
                0x0000000000013791       0x81 build/py/objint.o
                0x0000000000013791                mp_obj_int_binary_op_extra_cases
 .text.mp_obj_int_binary_op
                0x0000000000013812        0x9 build/py/objint.o
                0x0000000000013812                mp_obj_int_binary_op
 .text.list_unary_op
                0x000000000001381b       0x2e build/py/objlist.o
 .text.list_getiter
                0x0000000000013849       0x29 build/py/objlist.o
 .text.list_reverse
                0x0000000000013872       0x4d build/py/objlist.o
 .text.list_it_iternext
                0x00000000000138bf       0x28 build/py/objlist.o
 .text.list_pop
                0x00000000000138e7       0xbd build/py/objlist.o
 .text.list_index
                0x00000000000139a4       0x1a build/py/objlist.o
 .text.mp_obj_list_remove
                0x00000000000139be       0x67 build/py/objlist.o
                0x00000000000139be                mp_obj_list_remove
 .text.list_clear
                0x0000000000013a25       0x40 build/py/objlist.o
 .text.mp_obj_list_append
                0x0000000000013a65       0x6b build/py/objlist.o
                0x0000000000013a65                mp_obj_list_append
 .text.list_extend_from_iter
                0x0000000000013ad0       0x36 build/py/objlist.o
 .text.list_insert
                0x0000000000013b06       0x63 build/py/objlist.o
 .text.list_count
                0x0000000000013b69       0x14 build/py/objlist.o
 .text.list_print
                0x0000000000013b7d       0x6e build/py/objlist.o
 .text.mp_quicksort
                0x0000000000013beb      0x138 build/py/objlist.o
 .text.mp_obj_list_sort
                0x0000000000013d23       0x90 build/py/objlist.o